Archive member included to satisfy reference by file (symbol)

c:/st/stm32cubeide_1.3.0/stm32cubeide/plugins/com.st.stm32cube.ide.mcu.externaltools.gnu-tools-for-stm32.7-2018-q2-update.win32_1.5.0.202011040924/tools/bin/../lib/gcc/arm-none-eabi/7.3.1/../../../../arm-none-eabi/lib/thumb/v6-m\libc_nano.a(lib_a-errno.o)
                              Core/Src/syscalls.o (__errno)
c:/st/stm32cubeide_1.3.0/stm32cubeide/plugins/com.st.stm32cube.ide.mcu.externaltools.gnu-tools-for-stm32.7-2018-q2-update.win32_1.5.0.202011040924/tools/bin/../lib/gcc/arm-none-eabi/7.3.1/../../../../arm-none-eabi/lib/thumb/v6-m\libc_nano.a(lib_a-exit.o)
                              c:/st/stm32cubeide_1.3.0/stm32cubeide/plugins/com.st.stm32cube.ide.mcu.externaltools.gnu-tools-for-stm32.7-2018-q2-update.win32_1.5.0.202011040924/tools/bin/../lib/gcc/arm-none-eabi/7.3.1/../../../../arm-none-eabi/lib/thumb/v6-m/crt0.o (exit)
c:/st/stm32cubeide_1.3.0/stm32cubeide/plugins/com.st.stm32cube.ide.mcu.externaltools.gnu-tools-for-stm32.7-2018-q2-update.win32_1.5.0.202011040924/tools/bin/../lib/gcc/arm-none-eabi/7.3.1/../../../../arm-none-eabi/lib/thumb/v6-m\libc_nano.a(lib_a-impure.o)
                              c:/st/stm32cubeide_1.3.0/stm32cubeide/plugins/com.st.stm32cube.ide.mcu.externaltools.gnu-tools-for-stm32.7-2018-q2-update.win32_1.5.0.202011040924/tools/bin/../lib/gcc/arm-none-eabi/7.3.1/../../../../arm-none-eabi/lib/thumb/v6-m\libc_nano.a(lib_a-exit.o) (_global_impure_ptr)
c:/st/stm32cubeide_1.3.0/stm32cubeide/plugins/com.st.stm32cube.ide.mcu.externaltools.gnu-tools-for-stm32.7-2018-q2-update.win32_1.5.0.202011040924/tools/bin/../lib/gcc/arm-none-eabi/7.3.1/../../../../arm-none-eabi/lib/thumb/v6-m\libc_nano.a(lib_a-init.o)
                              c:/st/stm32cubeide_1.3.0/stm32cubeide/plugins/com.st.stm32cube.ide.mcu.externaltools.gnu-tools-for-stm32.7-2018-q2-update.win32_1.5.0.202011040924/tools/bin/../lib/gcc/arm-none-eabi/7.3.1/../../../../arm-none-eabi/lib/thumb/v6-m/crt0.o (__libc_init_array)
c:/st/stm32cubeide_1.3.0/stm32cubeide/plugins/com.st.stm32cube.ide.mcu.externaltools.gnu-tools-for-stm32.7-2018-q2-update.win32_1.5.0.202011040924/tools/bin/../lib/gcc/arm-none-eabi/7.3.1/../../../../arm-none-eabi/lib/thumb/v6-m\libc_nano.a(lib_a-memcpy-stub.o)
                              Middlewares/Third_Party/FreeRTOS/Source/CMSIS_RTOS_V2/cmsis_os2.o (memcpy)
c:/st/stm32cubeide_1.3.0/stm32cubeide/plugins/com.st.stm32cube.ide.mcu.externaltools.gnu-tools-for-stm32.7-2018-q2-update.win32_1.5.0.202011040924/tools/bin/../lib/gcc/arm-none-eabi/7.3.1/../../../../arm-none-eabi/lib/thumb/v6-m\libc_nano.a(lib_a-memset.o)
                              c:/st/stm32cubeide_1.3.0/stm32cubeide/plugins/com.st.stm32cube.ide.mcu.externaltools.gnu-tools-for-stm32.7-2018-q2-update.win32_1.5.0.202011040924/tools/bin/../lib/gcc/arm-none-eabi/7.3.1/../../../../arm-none-eabi/lib/thumb/v6-m/crt0.o (memset)
c:/st/stm32cubeide_1.3.0/stm32cubeide/plugins/com.st.stm32cube.ide.mcu.externaltools.gnu-tools-for-stm32.7-2018-q2-update.win32_1.5.0.202011040924/tools/bin/../lib/gcc/arm-none-eabi/7.3.1/thumb/v6-m\libgcc.a(_udivsi3.o)
                              Core/Src/stm32g0xx_hal_timebase_tim.o (__aeabi_uidiv)
c:/st/stm32cubeide_1.3.0/stm32cubeide/plugins/com.st.stm32cube.ide.mcu.externaltools.gnu-tools-for-stm32.7-2018-q2-update.win32_1.5.0.202011040924/tools/bin/../lib/gcc/arm-none-eabi/7.3.1/thumb/v6-m\libgcc.a(_divsi3.o)
                              Core/Src/utils.o (__aeabi_idiv)
c:/st/stm32cubeide_1.3.0/stm32cubeide/plugins/com.st.stm32cube.ide.mcu.externaltools.gnu-tools-for-stm32.7-2018-q2-update.win32_1.5.0.202011040924/tools/bin/../lib/gcc/arm-none-eabi/7.3.1/thumb/v6-m\libgcc.a(_dvmd_tls.o)
                              c:/st/stm32cubeide_1.3.0/stm32cubeide/plugins/com.st.stm32cube.ide.mcu.externaltools.gnu-tools-for-stm32.7-2018-q2-update.win32_1.5.0.202011040924/tools/bin/../lib/gcc/arm-none-eabi/7.3.1/thumb/v6-m\libgcc.a(_udivsi3.o) (__aeabi_idiv0)
c:/st/stm32cubeide_1.3.0/stm32cubeide/plugins/com.st.stm32cube.ide.mcu.externaltools.gnu-tools-for-stm32.7-2018-q2-update.win32_1.5.0.202011040924/tools/bin/../lib/gcc/arm-none-eabi/7.3.1/thumb/v6-m\libgcc.a(_arm_cmpsf2.o)
                              Core/Src/utils.o (__aeabi_fcmplt)
c:/st/stm32cubeide_1.3.0/stm32cubeide/plugins/com.st.stm32cube.ide.mcu.externaltools.gnu-tools-for-stm32.7-2018-q2-update.win32_1.5.0.202011040924/tools/bin/../lib/gcc/arm-none-eabi/7.3.1/thumb/v6-m\libgcc.a(_aeabi_uldivmod.o)
                              Drivers/STM32G0xx_HAL_Driver/Src/stm32g0xx_hal_uart.o (__aeabi_uldivmod)
c:/st/stm32cubeide_1.3.0/stm32cubeide/plugins/com.st.stm32cube.ide.mcu.externaltools.gnu-tools-for-stm32.7-2018-q2-update.win32_1.5.0.202011040924/tools/bin/../lib/gcc/arm-none-eabi/7.3.1/thumb/v6-m\libgcc.a(_udivmoddi4.o)
[...]
Memory Configuration

Name             Origin             Length             Attributes
RAM              0x0000000020000000 0x0000000000002000 xrw
FLASH            0x0000000008000000 0x0000000000010000 xr
*default*        0x0000000000000000 0xffffffffffffffff

Linker script and memory map

LOAD c:/st/stm32cubeide_1.3.0/stm32cubeide/plugins/com.st.stm32cube.ide.mcu.externaltools.gnu-tools-for-stm32.7-2018-q2-update.win32_1.5.0.202011040924/tools/bin/../lib/gcc/arm-none-eabi/7.3.1/thumb/v6-m/crti.o
LOAD c:/st/stm32cubeide_1.3.0/stm32cubeide/plugins/com.st.stm32cube.ide.mcu.externaltools.gnu-tools-for-stm32.7-2018-q2-update.win32_1.5.0.202011040924/tools/bin/../lib/gcc/arm-none-eabi/7.3.1/thumb/v6-m/crtbegin.o
LOAD c:/st/stm32cubeide_1.3.0/stm32cubeide/plugins/com.st.stm32cube.ide.mcu.externaltools.gnu-tools-for-stm32.7-2018-q2-update.win32_1.5.0.202011040924/tools/bin/../lib/gcc/arm-none-eabi/7.3.1/../../../../arm-none-eabi/lib/thumb/v6-m/crt0.o
LOAD Core/Src/DRV83.o
LOAD Core/Src/app_freertos.o
LOAD Core/Src/gpio.o
LOAD Core/Src/main.o
LOAD Core/Src/spi.o
LOAD Core/Src/stm32g0xx_hal_msp.o
LOAD Core/Src/stm32g0xx_hal_timebase_tim.o
LOAD Core/Src/stm32g0xx_it.o
LOAD Core/Src/syscalls.o
LOAD Core/Src/sysmem.o
LOAD Core/Src/system_stm32g0xx.o
LOAD Core/Src/usart.o
LOAD Core/Src/utils.o
LOAD Core/Startup/startup_stm32g031k8tx.o
LOAD Drivers/STM32G0xx_HAL_Driver/Src/stm32g0xx_hal.o
LOAD Drivers/STM32G0xx_HAL_Driver/Src/stm32g0xx_hal_cortex.o
LOAD Drivers/STM32G0xx_HAL_Driver/Src/stm32g0xx_hal_dma.o
LOAD Drivers/STM32G0xx_HAL_Driver/Src/stm32g0xx_hal_dma_ex.o
LOAD Drivers/STM32G0xx_HAL_Driver/Src/stm32g0xx_hal_exti.o
LOAD Drivers/STM32G0xx_HAL_Driver/Src/stm32g0xx_hal_flash.o
LOAD Drivers/STM32G0xx_HAL_Driver/Src/stm32g0xx_hal_flash_ex.o
LOAD Drivers/STM32G0xx_HAL_Driver/Src/stm32g0xx_hal_gpio.o
LOAD Drivers/STM32G0xx_HAL_Driver/Src/stm32g0xx_hal_pwr.o
LOAD Drivers/STM32G0xx_HAL_Driver/Src/stm32g0xx_hal_pwr_ex.o
LOAD Drivers/STM32G0xx_HAL_Driver/Src/stm32g0xx_hal_rcc.o
LOAD Drivers/STM32G0xx_HAL_Driver/Src/stm32g0xx_hal_rcc_ex.o
LOAD Drivers/STM32G0xx_HAL_Driver/Src/stm32g0xx_hal_spi.o
LOAD Drivers/STM32G0xx_HAL_Driver/Src/stm32g0xx_hal_spi_ex.o
LOAD Drivers/STM32G0xx_HAL_Driver/Src/stm32g0xx_hal_tim.o
LOAD Drivers/STM32G0xx_HAL_Driver/Src/stm32g0xx_hal_tim_ex.o
LOAD Drivers/STM32G0xx_HAL_Driver/Src/stm32g0xx_hal_uart.o
LOAD Drivers/STM32G0xx_HAL_Driver/Src/stm32g0xx_hal_uart_ex.o
LOAD Drivers/STM32G0xx_HAL_Driver/Src/stm32g0xx_ll_dma.o
LOAD Drivers/STM32G0xx_HAL_Driver/Src/stm32g0xx_ll_rcc.o
LOAD Middlewares/Third_Party/FreeRTOS/Source/CMSIS_RTOS_V2/cmsis_os2.o
LOAD Middlewares/Third_Party/FreeRTOS/Source/croutine.o
LOAD Middlewares/Third_Party/FreeRTOS/Source/event_groups.o
LOAD Middlewares/Third_Party/FreeRTOS/Source/list.o
LOAD Middlewares/Third_Party/FreeRTOS/Source/queue.o
LOAD Middlewares/Third_Party/FreeRTOS/Source/stream_buffer.o
LOAD Middlewares/Third_Party/FreeRTOS/Source/tasks.o
LOAD Middlewares/Third_Party/FreeRTOS/Source/timers.o
LOAD Middlewares/Third_Party/FreeRTOS/Source/portable/GCC/ARM_CM0/port.o
LOAD Middlewares/Third_Party/FreeRTOS/Source/portable/MemMang/heap_4.o
START GROUP
LOAD c:/st/stm32cubeide_1.3.0/stm32cubeide/plugins/com.st.stm32cube.ide.mcu.externaltools.gnu-tools-for-stm32.7-2018-q2-update.win32_1.5.0.202011040924/tools/bin/../lib/gcc/arm-none-eabi/7.3.1/../../../../arm-none-eabi/lib/thumb/v6-m\libc_nano.a
LOAD c:/st/stm32cubeide_1.3.0/stm32cubeide/plugins/com.st.stm32cube.ide.mcu.externaltools.gnu-tools-for-stm32.7-2018-q2-update.win32_1.5.0.202011040924/tools/bin/../lib/gcc/arm-none-eabi/7.3.1/../../../../arm-none-eabi/lib/thumb/v6-m\libm.a
END GROUP
START GROUP
LOAD c:/st/stm32cubeide_1.3.0/stm32cubeide/plugins/com.st.stm32cube.ide.mcu.externaltools.gnu-tools-for-stm32.7-2018-q2-update.win32_1.5.0.202011040924/tools/bin/../lib/gcc/arm-none-eabi/7.3.1/thumb/v6-m\libgcc.a
LOAD c:/st/stm32cubeide_1.3.0/stm32cubeide/plugins/com.st.stm32cube.ide.mcu.externaltools.gnu-tools-for-stm32.7-2018-q2-update.win32_1.5.0.202011040924/tools/bin/../lib/gcc/arm-none-eabi/7.3.1/../../../../arm-none-eabi/lib/thumb/v6-m\libc_nano.a
END GROUP
START GROUP
LOAD c:/st/stm32cubeide_1.3.0/stm32cubeide/plugins/com.st.stm32cube.ide.mcu.externaltools.gnu-tools-for-stm32.7-2018-q2-update.win32_1.5.0.202011040924/tools/bin/../lib/gcc/arm-none-eabi/7.3.1/thumb/v6-m\libgcc.a
LOAD c:/st/stm32cubeide_1.3.0/stm32cubeide/plugins/com.st.stm32cube.ide.mcu.externaltools.gnu-tools-for-stm32.7-2018-q2-update.win32_1.5.0.202011040924/tools/bin/../lib/gcc/arm-none-eabi/7.3.1/../../../../arm-none-eabi/lib/thumb/v6-m\libc_nano.a
LOAD c:/st/stm32cubeide_1.3.0/stm32cubeide/plugins/com.st.stm32cube.ide.mcu.externaltools.gnu-tools-for-stm32.7-2018-q2-update.win32_1.5.0.202011040924/tools/bin/../lib/gcc/arm-none-eabi/7.3.1/../../../../arm-none-eabi/lib/thumb/v6-m\libnosys.a
END GROUP
START GROUP
LOAD c:/st/stm32cubeide_1.3.0/stm32cubeide/plugins/com.st.stm32cube.ide.mcu.externaltools.gnu-tools-for-stm32.7-2018-q2-update.win32_1.5.0.202011040924/tools/bin/../lib/gcc/arm-none-eabi/7.3.1/thumb/v6-m\libgcc.a
LOAD c:/st/stm32cubeide_1.3.0/stm32cubeide/plugins/com.st.stm32cube.ide.mcu.externaltools.gnu-tools-for-stm32.7-2018-q2-update.win32_1.5.0.202011040924/tools/bin/../lib/gcc/arm-none-eabi/7.3.1/../../../../arm-none-eabi/lib/thumb/v6-m\libc_nano.a
LOAD c:/st/stm32cubeide_1.3.0/stm32cubeide/plugins/com.st.stm32cube.ide.mcu.externaltools.gnu-tools-for-stm32.7-2018-q2-update.win32_1.5.0.202011040924/tools/bin/../lib/gcc/arm-none-eabi/7.3.1/../../../../arm-none-eabi/lib/thumb/v6-m\libnosys.a
END GROUP
LOAD c:/st/stm32cubeide_1.3.0/stm32cubeide/plugins/com.st.stm32cube.ide.mcu.externaltools.gnu-tools-for-stm32.7-2018-q2-update.win32_1.5.0.202011040924/tools/bin/../lib/gcc/arm-none-eabi/7.3.1/thumb/v6-m/crtend.o
LOAD c:/st/stm32cubeide_1.3.0/stm32cubeide/plugins/com.st.stm32cube.ide.mcu.externaltools.gnu-tools-for-stm32.7-2018-q2-update.win32_1.5.0.202011040924/tools/bin/../lib/gcc/arm-none-eabi/7.3.1/thumb/v6-m/crtn.o
                0x0000000020002000                _estack = (ORIGIN (RAM) + LENGTH (RAM))
                0x0000000000000200                _Min_Heap_Size = 0x200
                0x0000000000000400                _Min_Stack_Size = 0x400

.isr_vector     0x0000000008000000       0xbc
                0x0000000008000000                . = ALIGN (0x4)
 *(.isr_vector)
 .isr_vector    0x0000000008000000       0xbc Core/Startup/startup_stm32g031k8tx.o
                0x0000000008000000                g_pfnVectors
                0x00000000080000bc                . = ALIGN (0x4)

.text           0x00000000080000c0     0x5cf8
                0x00000000080000c0                . = ALIGN (0x4)
 *(.text)
 .text          0x00000000080000c0       0x48 c:/st/stm32cubeide_1.3.0/stm32cubeide/plugins/com.st.stm32cube.ide.mcu.externaltools.gnu-tools-for-stm32.7-2018-q2-update.win32_1.5.0.202011040924/tools/bin/../lib/gcc/arm-none-eabi/7.3.1/thumb/v6-m/crtbegin.o
 .text          0x0000000008000108      0x114 c:/st/stm32cubeide_1.3.0/stm32cubeide/plugins/com.st.stm32cube.ide.mcu.externaltools.gnu-tools-for-stm32.7-2018-q2-update.win32_1.5.0.202011040924/tools/bin/../lib/gcc/arm-none-eabi/7.3.1/thumb/v6-m\libgcc.a(_udivsi3.o)
                0x0000000008000108                __aeabi_uidiv
                0x0000000008000108                __udivsi3
                0x0000000008000214                __aeabi_uidivmod
 .text          0x000000000800021c        0x4 c:/st/stm32cubeide_1.3.0/stm32cubeide/plugins/com.st.stm32cube.ide.mcu.externaltools.gnu-tools-for-stm32.7-2018-q2-update.win32_1.5.0.202011040924/tools/bin/../lib/gcc/arm-none-eabi/7.3.1/thumb/v6-m\libgcc.a(_dvmd_tls.o)
                0x000000000800021c                __aeabi_idiv0
                0x000000000800021c                __aeabi_ldiv0
 .text          0x0000000008000220       0x40 c:/st/stm32cubeide_1.3.0/stm32cubeide/plugins/com.st.stm32cube.ide.mcu.externaltools.gnu-tools-for-stm32.7-2018-q2-update.win32_1.5.0.202011040924/tools/bin/../lib/gcc/arm-none-eabi/7.3.1/thumb/v6-m\libgcc.a(_aeabi_uldivmod.o)
                0x0000000008000220                __aeabi_uldivmod
 .text          0x0000000008000260      0x184 c:/st/stm32cubeide_1.3.0/stm32cubeide/plugins/com.st.stm32cube.ide.mcu.externaltools.gnu-tools-for-stm32.7-2018-q2-update.win32_1.5.0.202011040924/tools/bin/../lib/gcc/arm-none-eabi/7.3.1/thumb/v6-m\libgcc.a(_udivmoddi4.o)
                0x0000000008000260                __udivmoddi4
 .text          0x00000000080003e4       0x3c c:/st/stm32cubeide_1.3.0/stm32cubeide/plugins/com.st.stm32cube.ide.mcu.externaltools.gnu-tools-for-stm32.7-2018-q2-update.win32_1.5.0.202011040924/tools/bin/../lib/gcc/arm-none-eabi/7.3.1/thumb/v6-m\libgcc.a(_clzsi2.o)
                0x00000000080003e4                __clzsi2
 .text          0x0000000008000420       0x18 c:/st/stm32cubeide_1.3.0/stm32cubeide/plugins/com.st.stm32cube.ide.mcu.externaltools.gnu-tools-for-stm32.7-2018-q2-update.win32_1.5.0.202011040924/tools/bin/../lib/gcc/arm-none-eabi/7.3.1/thumb/v6-m\libgcc.a(_clzdi2.o)
                0x0000000008000420                __clzdi2
 *(.text*)
 .text.drv_setPwmMode
                0x0000000008000438       0xb4 Core/Src/DRV83.o
                0x0000000008000438                drv_setPwmMode
 .text.drv_writeRegister
                0x00000000080004ec       0x60 Core/Src/DRV83.o
                0x00000000080004ec                drv_writeRegister
 .text.drv_readRegister
                0x000000000800054c       0x54 Core/Src/DRV83.o
                0x000000000800054c                drv_readRegister
 .text.MX_FREERTOS_Init
                0x00000000080005a0       0x28 Core/Src/app_freertos.o
                0x00000000080005a0                MX_FREERTOS_Init
 .text.StartDefaultTask
                0x00000000080005c8       0x16 Core/Src/app_freertos.o
                0x00000000080005c8                StartDefaultTask
 *fill*         0x00000000080005de        0x2 
 .text.MX_GPIO_Init
                0x00000000080005e0      0x120 Core/Src/gpio.o
                0x00000000080005e0                MX_GPIO_Init
 .text.main     0x0000000008000700       0x26 Core/Src/main.o
                0x0000000008000700                main
 .text.SystemClock_Config
                0x0000000008000726       0xbc Core/Src/main.o
                0x0000000008000726                SystemClock_Config
 *fill*         0x00000000080007e2        0x2 
 .text.HAL_TIM_PeriodElapsedCallback
                0x00000000080007e4       0x24 Core/Src/main.o
                0x00000000080007e4                HAL_TIM_PeriodElapsedCallback
 .text.Error_Handler
                0x0000000008000808        0x8 Core/Src/main.o
                0x0000000008000808                Error_Handler
 .text.MX_SPI1_Init
                0x0000000008000810       0x7c Core/Src/spi.o
                0x0000000008000810                MX_SPI1_Init
 .text.HAL_SPI_MspInit
                0x000000000800088c       0xa8 Core/Src/spi.o
                0x000000000800088c                HAL_SPI_MspInit
 .text.HAL_MspInit
                0x0000000008000934       0x54 Core/Src/stm32g0xx_hal_msp.o
                0x0000000008000934                HAL_MspInit
 .text.HAL_InitTick
                0x0000000008000988       0xbc Core/Src/stm32g0xx_hal_timebase_tim.o
                0x0000000008000988                HAL_InitTick
 .text.NMI_Handler
                0x0000000008000a44        0x6 Core/Src/stm32g0xx_it.o
                0x0000000008000a44                NMI_Handler
 .text.HardFault_Handler
                0x0000000008000a4a        0x6 Core/Src/stm32g0xx_it.o
                0x0000000008000a4a                HardFault_Handler
 .text.TIM16_IRQHandler
                0x0000000008000a50       0x18 Core/Src/stm32g0xx_it.o
                0x0000000008000a50                TIM16_IRQHandler
 .text.SPI1_IRQHandler
                0x0000000008000a68       0x18 Core/Src/stm32g0xx_it.o
                0x0000000008000a68                SPI1_IRQHandler
 .text.SystemInit
                0x0000000008000a80       0x18 Core/Src/system_stm32g0xx.o
                0x0000000008000a80                SystemInit
 .text.MX_USART2_UART_Init
                0x0000000008000a98       0x68 Core/Src/usart.o
                0x0000000008000a98                MX_USART2_UART_Init
 .text.HAL_UART_MspInit
                0x0000000008000b00       0x94 Core/Src/usart.o
                0x0000000008000b00                HAL_UART_MspInit
 .text.utils_get_bytes_in_word
                0x0000000008000b94       0x56 Core/Src/utils.o
                0x0000000008000b94                utils_get_bytes_in_word
 .text.utils_set_bit_in_Word
                0x0000000008000bea       0x60 Core/Src/utils.o
                0x0000000008000bea                utils_set_bit_in_Word
 *fill*         0x0000000008000c4a        0x2 
 .text.Reset_Handler
                0x0000000008000c4c       0x50 Core/Startup/startup_stm32g031k8tx.o
                0x0000000008000c4c                Reset_Handler
 .text.Default_Handler
                0x0000000008000c9c        0x2 Core/Startup/startup_stm32g031k8tx.o
                0x0000000008000c9c                TIM1_CC_IRQHandler
                0x0000000008000c9c                PVD_IRQHandler
                0x0000000008000c9c                I2C1_IRQHandler
                0x0000000008000c9c                LPTIM2_IRQHandler
                0x0000000008000c9c                RTC_TAMP_IRQHandler
                0x0000000008000c9c                DMA1_Ch4_5_DMAMUX1_OVR_IRQHandler
                0x0000000008000c9c                EXTI2_3_IRQHandler
                0x0000000008000c9c                ADC1_IRQHandler
                0x0000000008000c9c                I2C2_IRQHandler
                0x0000000008000c9c                TIM17_IRQHandler
                0x0000000008000c9c                TIM3_IRQHandler
                0x0000000008000c9c                EXTI4_15_IRQHandler
                0x0000000008000c9c                RCC_IRQHandler
                0x0000000008000c9c                DMA1_Channel1_IRQHandler
                0x0000000008000c9c                Default_Handler
                0x0000000008000c9c                TIM14_IRQHandler
                0x0000000008000c9c                EXTI0_1_IRQHandler
                0x0000000008000c9c                SPI2_IRQHandler
                0x0000000008000c9c                WWDG_IRQHandler
                0x0000000008000c9c                LPUART1_IRQHandler
                0x0000000008000c9c                TIM2_IRQHandler
                0x0000000008000c9c                DMA1_Channel2_3_IRQHandler
                0x0000000008000c9c                USART2_IRQHandler
                0x0000000008000c9c                FLASH_IRQHandler
                0x0000000008000c9c                USART1_IRQHandler
                0x0000000008000c9c                TIM1_BRK_UP_TRG_COM_IRQHandler
                0x0000000008000c9c                LPTIM1_IRQHandler
 *fill*         0x0000000008000c9e        0x2 
 .text.HAL_Init
                0x0000000008000ca0       0x40 Drivers/STM32G0xx_HAL_Driver/Src/stm32g0xx_hal.o
                0x0000000008000ca0                HAL_Init
 .text.HAL_IncTick
                0x0000000008000ce0       0x24 Drivers/STM32G0xx_HAL_Driver/Src/stm32g0xx_hal.o
                0x0000000008000ce0                HAL_IncTick
 .text.HAL_GetTick
                0x0000000008000d04       0x14 Drivers/STM32G0xx_HAL_Driver/Src/stm32g0xx_hal.o
                0x0000000008000d04                HAL_GetTick
 .text.__NVIC_EnableIRQ
                0x0000000008000d18       0x34 Drivers/STM32G0xx_HAL_Driver/Src/stm32g0xx_hal_cortex.o
 .text.__NVIC_SetPriority
                0x0000000008000d4c       0xdc Drivers/STM32G0xx_HAL_Driver/Src/stm32g0xx_hal_cortex.o
 .text.HAL_NVIC_SetPriority
                0x0000000008000e28       0x2a Drivers/STM32G0xx_HAL_Driver/Src/stm32g0xx_hal_cortex.o
                0x0000000008000e28                HAL_NVIC_SetPriority
 .text.HAL_NVIC_EnableIRQ
                0x0000000008000e52       0x20 Drivers/STM32G0xx_HAL_Driver/Src/stm32g0xx_hal_cortex.o
                0x0000000008000e52                HAL_NVIC_EnableIRQ
 *fill*         0x0000000008000e72        0x2 
 .text.HAL_DMA_Abort_IT
                0x0000000008000e74       0xd8 Drivers/STM32G0xx_HAL_Driver/Src/stm32g0xx_hal_dma.o
                0x0000000008000e74                HAL_DMA_Abort_IT
 .text.HAL_GPIO_Init
                0x0000000008000f4c      0x2c8 Drivers/STM32G0xx_HAL_Driver/Src/stm32g0xx_hal_gpio.o
                0x0000000008000f4c                HAL_GPIO_Init
 .text.HAL_GPIO_WritePin
                0x0000000008001214       0x3a Drivers/STM32G0xx_HAL_Driver/Src/stm32g0xx_hal_gpio.o
                0x0000000008001214                HAL_GPIO_WritePin
 *fill*         0x000000000800124e        0x2 
 .text.HAL_PWREx_ControlVoltageScaling
                0x0000000008001250       0x80 Drivers/STM32G0xx_HAL_Driver/Src/stm32g0xx_hal_pwr_ex.o
                0x0000000008001250                HAL_PWREx_ControlVoltageScaling
 .text.LL_RCC_GetAPB1Prescaler
                0x00000000080012d0       0x18 Drivers/STM32G0xx_HAL_Driver/Src/stm32g0xx_hal_rcc.o
 .text.HAL_RCC_OscConfig
                0x00000000080012e8      0x640 Drivers/STM32G0xx_HAL_Driver/Src/stm32g0xx_hal_rcc.o
                0x00000000080012e8                HAL_RCC_OscConfig
 .text.HAL_RCC_ClockConfig
                0x0000000008001928      0x210 Drivers/STM32G0xx_HAL_Driver/Src/stm32g0xx_hal_rcc.o
                0x0000000008001928                HAL_RCC_ClockConfig
 .text.HAL_RCC_GetSysClockFreq
                0x0000000008001b38      0x104 Drivers/STM32G0xx_HAL_Driver/Src/stm32g0xx_hal_rcc.o
                0x0000000008001b38                HAL_RCC_GetSysClockFreq
 .text.HAL_RCC_GetHCLKFreq
                0x0000000008001c3c       0x14 Drivers/STM32G0xx_HAL_Driver/Src/stm32g0xx_hal_rcc.o
                0x0000000008001c3c                HAL_RCC_GetHCLKFreq
 .text.HAL_RCC_GetPCLK1Freq
                0x0000000008001c50       0x2c Drivers/STM32G0xx_HAL_Driver/Src/stm32g0xx_hal_rcc.o
                0x0000000008001c50                HAL_RCC_GetPCLK1Freq
 .text.HAL_RCC_GetClockConfig
                0x0000000008001c7c       0x54 Drivers/STM32G0xx_HAL_Driver/Src/stm32g0xx_hal_rcc.o
                0x0000000008001c7c                HAL_RCC_GetClockConfig
 .text.HAL_SPI_Init
                0x0000000008001cd0      0x170 Drivers/STM32G0xx_HAL_Driver/Src/stm32g0xx_hal_spi.o
                0x0000000008001cd0                HAL_SPI_Init
 .text.HAL_SPI_Transmit
                0x0000000008001e40      0x2b0 Drivers/STM32G0xx_HAL_Driver/Src/stm32g0xx_hal_spi.o
                0x0000000008001e40                HAL_SPI_Transmit
 .text.HAL_SPI_TransmitReceive
                0x00000000080020f0      0x3a8 Drivers/STM32G0xx_HAL_Driver/Src/stm32g0xx_hal_spi.o
                0x00000000080020f0                HAL_SPI_TransmitReceive
 .text.HAL_SPI_IRQHandler
                0x0000000008002498      0x1fc Drivers/STM32G0xx_HAL_Driver/Src/stm32g0xx_hal_spi.o
                0x0000000008002498                HAL_SPI_IRQHandler
 .text.HAL_SPI_ErrorCallback
                0x0000000008002694       0x10 Drivers/STM32G0xx_HAL_Driver/Src/stm32g0xx_hal_spi.o
                0x0000000008002694                HAL_SPI_ErrorCallback
 .text.SPI_DMAAbortOnError
                0x00000000080026a4       0x2c Drivers/STM32G0xx_HAL_Driver/Src/stm32g0xx_hal_spi.o
 .text.SPI_WaitFlagStateUntilTimeout
                0x00000000080026d0      0x11c Drivers/STM32G0xx_HAL_Driver/Src/stm32g0xx_hal_spi.o
 .text.SPI_WaitFifoStateUntilTimeout
                0x00000000080027ec      0x12c Drivers/STM32G0xx_HAL_Driver/Src/stm32g0xx_hal_spi.o
 .text.SPI_EndRxTxTransaction
                0x0000000008002918       0x8c Drivers/STM32G0xx_HAL_Driver/Src/stm32g0xx_hal_spi.o
 .text.HAL_TIM_Base_Init
                0x00000000080029a4       0xb0 Drivers/STM32G0xx_HAL_Driver/Src/stm32g0xx_hal_tim.o
                0x00000000080029a4                HAL_TIM_Base_Init
 .text.HAL_TIM_Base_MspInit
                0x0000000008002a54       0x10 Drivers/STM32G0xx_HAL_Driver/Src/stm32g0xx_hal_tim.o
                0x0000000008002a54                HAL_TIM_Base_MspInit
 .text.HAL_TIM_Base_Start_IT
                0x0000000008002a64       0xa8 Drivers/STM32G0xx_HAL_Driver/Src/stm32g0xx_hal_tim.o
                0x0000000008002a64                HAL_TIM_Base_Start_IT
 .text.HAL_TIM_IRQHandler
                0x0000000008002b0c      0x264 Drivers/STM32G0xx_HAL_Driver/Src/stm32g0xx_hal_tim.o
                0x0000000008002b0c                HAL_TIM_IRQHandler
 .text.HAL_TIM_OC_DelayElapsedCallback
                0x0000000008002d70       0x10 Drivers/STM32G0xx_HAL_Driver/Src/stm32g0xx_hal_tim.o
                0x0000000008002d70                HAL_TIM_OC_DelayElapsedCallback
 .text.HAL_TIM_IC_CaptureCallback
                0x0000000008002d80       0x10 Drivers/STM32G0xx_HAL_Driver/Src/stm32g0xx_hal_tim.o
                0x0000000008002d80                HAL_TIM_IC_CaptureCallback
 .text.HAL_TIM_PWM_PulseFinishedCallback
                0x0000000008002d90       0x10 Drivers/STM32G0xx_HAL_Driver/Src/stm32g0xx_hal_tim.o
                0x0000000008002d90                HAL_TIM_PWM_PulseFinishedCallback
 .text.HAL_TIM_TriggerCallback
                0x0000000008002da0       0x10 Drivers/STM32G0xx_HAL_Driver/Src/stm32g0xx_hal_tim.o
                0x0000000008002da0                HAL_TIM_TriggerCallback
 .text.TIM_Base_SetConfig
                0x0000000008002db0       0xec Drivers/STM32G0xx_HAL_Driver/Src/stm32g0xx_hal_tim.o
                0x0000000008002db0                TIM_Base_SetConfig
 .text.HAL_TIMEx_CommutCallback
                0x0000000008002e9c       0x10 Drivers/STM32G0xx_HAL_Driver/Src/stm32g0xx_hal_tim_ex.o
                0x0000000008002e9c                HAL_TIMEx_CommutCallback
 .text.HAL_TIMEx_BreakCallback
                0x0000000008002eac       0x10 Drivers/STM32G0xx_HAL_Driver/Src/stm32g0xx_hal_tim_ex.o
                0x0000000008002eac                HAL_TIMEx_BreakCallback
 .text.HAL_TIMEx_Break2Callback
                0x0000000008002ebc       0x10 Drivers/STM32G0xx_HAL_Driver/Src/stm32g0xx_hal_tim_ex.o
                0x0000000008002ebc                HAL_TIMEx_Break2Callback
 .text.HAL_UART_Init
                0x0000000008002ecc       0xac Drivers/STM32G0xx_HAL_Driver/Src/stm32g0xx_hal_uart.o
                0x0000000008002ecc                HAL_UART_Init
 .text.UART_SetConfig
                0x0000000008002f78      0x524 Drivers/STM32G0xx_HAL_Driver/Src/stm32g0xx_hal_uart.o
                0x0000000008002f78                UART_SetConfig
 .text.UART_AdvFeatureConfig
                0x000000000800349c      0x168 Drivers/STM32G0xx_HAL_Driver/Src/stm32g0xx_hal_uart.o
                0x000000000800349c                UART_AdvFeatureConfig
 .text.UART_CheckIdleState
                0x0000000008003604       0x98 Drivers/STM32G0xx_HAL_Driver/Src/stm32g0xx_hal_uart.o
                0x0000000008003604                UART_CheckIdleState
 .text.UART_WaitOnFlagUntilTimeout
                0x000000000800369c      0x104 Drivers/STM32G0xx_HAL_Driver/Src/stm32g0xx_hal_uart.o
                0x000000000800369c                UART_WaitOnFlagUntilTimeout
 .text.__NVIC_SetPriority
                0x00000000080037a0       0xdc Middlewares/Third_Party/FreeRTOS/Source/CMSIS_RTOS_V2/cmsis_os2.o
 .text.SysTick_Handler
                0x000000000800387c       0x20 Middlewares/Third_Party/FreeRTOS/Source/CMSIS_RTOS_V2/cmsis_os2.o
                0x000000000800387c                SysTick_Handler
 .text.SVC_Setup
                0x000000000800389c       0x16 Middlewares/Third_Party/FreeRTOS/Source/CMSIS_RTOS_V2/cmsis_os2.o
 *fill*         0x00000000080038b2        0x2 
 .text.osKernelInitialize
                0x00000000080038b4       0x44 Middlewares/Third_Party/FreeRTOS/Source/CMSIS_RTOS_V2/cmsis_os2.o
                0x00000000080038b4                osKernelInitialize
 .text.osKernelStart
                0x00000000080038f8       0x4c Middlewares/Third_Party/FreeRTOS/Source/CMSIS_RTOS_V2/cmsis_os2.o
                0x00000000080038f8                osKernelStart
 .text.osThreadNew
                0x0000000008003944      0x12c Middlewares/Third_Party/FreeRTOS/Source/CMSIS_RTOS_V2/cmsis_os2.o
                0x0000000008003944                osThreadNew
 .text.osDelay  0x0000000008003a70       0x38 Middlewares/Third_Party/FreeRTOS/Source/CMSIS_RTOS_V2/cmsis_os2.o
                0x0000000008003a70                osDelay
 .text.vApplicationGetIdleTaskMemory
                0x0000000008003aa8       0x30 Middlewares/Third_Party/FreeRTOS/Source/CMSIS_RTOS_V2/cmsis_os2.o
                0x0000000008003aa8                vApplicationGetIdleTaskMemory
 .text.vApplicationGetTimerTaskMemory
                0x0000000008003ad8       0x30 Middlewares/Third_Party/FreeRTOS/Source/CMSIS_RTOS_V2/cmsis_os2.o
                0x0000000008003ad8                vApplicationGetTimerTaskMemory
 .text.vListInitialise
                0x0000000008003b08       0x3c Middlewares/Third_Party/FreeRTOS/Source/list.o
                0x0000000008003b08                vListInitialise
 .text.vListInitialiseItem
                0x0000000008003b44       0x16 Middlewares/Third_Party/FreeRTOS/Source/list.o
                0x0000000008003b44                vListInitialiseItem
 .text.vListInsertEnd
                0x0000000008003b5a       0x44 Middlewares/Third_Party/FreeRTOS/Source/list.o
                0x0000000008003b5a                vListInsertEnd
 .text.vListInsert
                0x0000000008003b9e       0x6c Middlewares/Third_Party/FreeRTOS/Source/list.o
                0x0000000008003b9e                vListInsert
 .text.uxListRemove
                0x0000000008003c0a       0x50 Middlewares/Third_Party/FreeRTOS/Source/list.o
                0x0000000008003c0a                uxListRemove
 .text.xQueueGenericReset
                0x0000000008003c5a       0xa8 Middlewares/Third_Party/FreeRTOS/Source/queue.o
                0x0000000008003c5a                xQueueGenericReset
 .text.xQueueGenericCreateStatic
                0x0000000008003d02       0x98 Middlewares/Third_Party/FreeRTOS/Source/queue.o
                0x0000000008003d02                xQueueGenericCreateStatic
 .text.prvInitialiseNewQueue
                0x0000000008003d9a       0x4e Middlewares/Third_Party/FreeRTOS/Source/queue.o
 .text.xQueueGenericSend
                0x0000000008003de8      0x188 Middlewares/Third_Party/FreeRTOS/Source/queue.o
                0x0000000008003de8                xQueueGenericSend
 .text.xQueueGenericSendFromISR
                0x0000000008003f70       0xe8 Middlewares/Third_Party/FreeRTOS/Source/queue.o
                0x0000000008003f70                xQueueGenericSendFromISR
 .text.xQueueReceive
                0x0000000008004058      0x16a Middlewares/Third_Party/FreeRTOS/Source/queue.o
                0x0000000008004058                xQueueReceive
 .text.prvCopyDataToQueue
                0x00000000080041c2       0xd6 Middlewares/Third_Party/FreeRTOS/Source/queue.o
 .text.prvCopyDataFromQueue
                0x0000000008004298       0x4c Middlewares/Third_Party/FreeRTOS/Source/queue.o
 .text.prvUnlockQueue
                0x00000000080042e4       0xbc Middlewares/Third_Party/FreeRTOS/Source/queue.o
 .text.prvIsQueueEmpty
                0x00000000080043a0       0x2c Middlewares/Third_Party/FreeRTOS/Source/queue.o
 .text.prvIsQueueFull
                0x00000000080043cc       0x30 Middlewares/Third_Party/FreeRTOS/Source/queue.o
 .text.vQueueAddToRegistry
                0x00000000080043fc       0x50 Middlewares/Third_Party/FreeRTOS/Source/queue.o
                0x00000000080043fc                vQueueAddToRegistry
 .text.vQueueWaitForMessageRestricted
                0x000000000800444c       0x66 Middlewares/Third_Party/FreeRTOS/Source/queue.o
                0x000000000800444c                vQueueWaitForMessageRestricted
 .text.xTaskCreateStatic
                0x00000000080044b2       0x88 Middlewares/Third_Party/FreeRTOS/Source/tasks.o
                0x00000000080044b2                xTaskCreateStatic
 .text.xTaskCreate
                0x000000000800453a       0x98 Middlewares/Third_Party/FreeRTOS/Source/tasks.o
                0x000000000800453a                xTaskCreate
 *fill*         0x00000000080045d2        0x2 
 .text.prvInitialiseNewTask
                0x00000000080045d4      0x114 Middlewares/Third_Party/FreeRTOS/Source/tasks.o
 .text.prvAddNewTaskToReadyList
                0x00000000080046e8       0xd0 Middlewares/Third_Party/FreeRTOS/Source/tasks.o
 .text.vTaskDelay
                0x00000000080047b8       0x4c Middlewares/Third_Party/FreeRTOS/Source/tasks.o
                0x00000000080047b8                vTaskDelay
 .text.vTaskStartScheduler
                0x0000000008004804       0xa8 Middlewares/Third_Party/FreeRTOS/Source/tasks.o
                0x0000000008004804                vTaskStartScheduler
 .text.vTaskSuspendAll
                0x00000000080048ac       0x18 Middlewares/Third_Party/FreeRTOS/Source/tasks.o
                0x00000000080048ac                vTaskSuspendAll
 .text.xTaskResumeAll
                0x00000000080048c4      0x118 Middlewares/Third_Party/FreeRTOS/Source/tasks.o
                0x00000000080048c4                xTaskResumeAll
 .text.xTaskGetTickCount
                0x00000000080049dc       0x1c Middlewares/Third_Party/FreeRTOS/Source/tasks.o
                0x00000000080049dc                xTaskGetTickCount
 .text.xTaskIncrementTick
                0x00000000080049f8      0x160 Middlewares/Third_Party/FreeRTOS/Source/tasks.o
                0x00000000080049f8                xTaskIncrementTick
 .text.vTaskSwitchContext
                0x0000000008004b58       0xa4 Middlewares/Third_Party/FreeRTOS/Source/tasks.o
                0x0000000008004b58                vTaskSwitchContext
 .text.vTaskPlaceOnEventList
                0x0000000008004bfc       0x3c Middlewares/Third_Party/FreeRTOS/Source/tasks.o
                0x0000000008004bfc                vTaskPlaceOnEventList
 .text.vTaskPlaceOnEventListRestricted
                0x0000000008004c38       0x4c Middlewares/Third_Party/FreeRTOS/Source/tasks.o
                0x0000000008004c38                vTaskPlaceOnEventListRestricted
 .text.xTaskRemoveFromEventList
                0x0000000008004c84       0xb8 Middlewares/Third_Party/FreeRTOS/Source/tasks.o
                0x0000000008004c84                xTaskRemoveFromEventList
 .text.vTaskInternalSetTimeOutState
                0x0000000008004d3c       0x28 Middlewares/Third_Party/FreeRTOS/Source/tasks.o
                0x0000000008004d3c                vTaskInternalSetTimeOutState
 .text.xTaskCheckForTimeOut
                0x0000000008004d64       0xa0 Middlewares/Third_Party/FreeRTOS/Source/tasks.o
                0x0000000008004d64                xTaskCheckForTimeOut
 .text.vTaskMissedYield
                0x0000000008004e04       0x14 Middlewares/Third_Party/FreeRTOS/Source/tasks.o
                0x0000000008004e04                vTaskMissedYield
 .text.prvIdleTask
                0x0000000008004e18       0x20 Middlewares/Third_Party/FreeRTOS/Source/tasks.o
 .text.prvInitialiseTaskLists
                0x0000000008004e38       0x88 Middlewares/Third_Party/FreeRTOS/Source/tasks.o
 .text.prvCheckTasksWaitingTermination
                0x0000000008004ec0       0x5c Middlewares/Third_Party/FreeRTOS/Source/tasks.o
 .text.prvDeleteTCB
                0x0000000008004f1c       0x50 Middlewares/Third_Party/FreeRTOS/Source/tasks.o
 .text.prvResetNextTaskUnblockTime
                0x0000000008004f6c       0x3c Middlewares/Third_Party/FreeRTOS/Source/tasks.o
 .text.xTaskGetSchedulerState
                0x0000000008004fa8       0x38 Middlewares/Third_Party/FreeRTOS/Source/tasks.o
                0x0000000008004fa8                xTaskGetSchedulerState
 .text.xTaskPriorityDisinherit
                0x0000000008004fe0       0xb8 Middlewares/Third_Party/FreeRTOS/Source/tasks.o
                0x0000000008004fe0                xTaskPriorityDisinherit
 .text.prvAddCurrentTaskToDelayedList
                0x0000000008005098       0xa8 Middlewares/Third_Party/FreeRTOS/Source/tasks.o
 .text.xTimerCreateTimerTask
                0x0000000008005140       0x7c Middlewares/Third_Party/FreeRTOS/Source/timers.o
                0x0000000008005140                xTimerCreateTimerTask
 .text.xTimerGenericCommand
                0x00000000080051bc       0x98 Middlewares/Third_Party/FreeRTOS/Source/timers.o
                0x00000000080051bc                xTimerGenericCommand
 .text.prvProcessExpiredTimer
                0x0000000008005254       0x88 Middlewares/Third_Party/FreeRTOS/Source/timers.o
 .text.prvTimerTask
                0x00000000080052dc       0x28 Middlewares/Third_Party/FreeRTOS/Source/timers.o
 .text.prvProcessTimerOrBlockTask
                0x0000000008005304       0x90 Middlewares/Third_Party/FreeRTOS/Source/timers.o
 .text.prvGetNextExpireTime
                0x0000000008005394       0x44 Middlewares/Third_Party/FreeRTOS/Source/timers.o
 .text.prvSampleTimeNow
                0x00000000080053d8       0x40 Middlewares/Third_Party/FreeRTOS/Source/timers.o
 .text.prvInsertTimerInActiveList
                0x0000000008005418       0x84 Middlewares/Third_Party/FreeRTOS/Source/timers.o
 .text.prvProcessReceivedCommands
                0x000000000800549c      0x190 Middlewares/Third_Party/FreeRTOS/Source/timers.o
 .text.prvSwitchTimerLists
                0x000000000800562c       0xbc Middlewares/Third_Party/FreeRTOS/Source/timers.o
 .text.prvCheckForValidListAndQueue
                0x00000000080056e8       0x88 Middlewares/Third_Party/FreeRTOS/Source/timers.o
 .text.pxPortInitialiseStack
                0x0000000008005770       0x54 Middlewares/Third_Party/FreeRTOS/Source/portable/GCC/ARM_CM0/port.o
                0x0000000008005770                pxPortInitialiseStack
 .text.prvTaskExitError
                0x00000000080057c4       0x2c Middlewares/Third_Party/FreeRTOS/Source/portable/GCC/ARM_CM0/port.o
 .text.SVC_Handler
                0x00000000080057f0        0xa Middlewares/Third_Party/FreeRTOS/Source/portable/GCC/ARM_CM0/port.o
                0x00000000080057f0                SVC_Handler
 *fill*         0x00000000080057fa        0x6 
 .text.vPortStartFirstTask
                0x0000000008005800       0x38 Middlewares/Third_Party/FreeRTOS/Source/portable/GCC/ARM_CM0/port.o
 .text.xPortStartScheduler
                0x0000000008005838       0x48 Middlewares/Third_Party/FreeRTOS/Source/portable/GCC/ARM_CM0/port.o
                0x0000000008005838                xPortStartScheduler
 .text.vPortYield
                0x0000000008005880       0x20 Middlewares/Third_Party/FreeRTOS/Source/portable/GCC/ARM_CM0/port.o
                0x0000000008005880                vPortYield
 .text.vPortEnterCritical
                0x00000000080058a0       0x24 Middlewares/Third_Party/FreeRTOS/Source/portable/GCC/ARM_CM0/port.o
                0x00000000080058a0                vPortEnterCritical
 .text.vPortExitCritical
                0x00000000080058c4       0x30 Middlewares/Third_Party/FreeRTOS/Source/portable/GCC/ARM_CM0/port.o
                0x00000000080058c4                vPortExitCritical
 .text.ulSetInterruptMaskFromISR
                0x00000000080058f4        0xc Middlewares/Third_Party/FreeRTOS/Source/portable/GCC/ARM_CM0/port.o
                0x00000000080058f4                ulSetInterruptMaskFromISR
 .text.vClearInterruptMaskFromISR
                0x0000000008005900        0x8 Middlewares/Third_Party/FreeRTOS/Source/portable/GCC/ARM_CM0/port.o
                0x0000000008005900                vClearInterruptMaskFromISR
 *fill*         0x0000000008005908        0x8 
 .text.PendSV_Handler
                0x0000000008005910       0x48 Middlewares/Third_Party/FreeRTOS/Source/portable/GCC/ARM_CM0/port.o
                0x0000000008005910                PendSV_Handler
 .text.xPortSysTickHandler
                0x0000000008005958       0x34 Middlewares/Third_Party/FreeRTOS/Source/portable/GCC/ARM_CM0/port.o
                0x0000000008005958                xPortSysTickHandler
 .text.vPortSetupTimerInterrupt
                0x000000000800598c       0x44 Middlewares/Third_Party/FreeRTOS/Source/portable/GCC/ARM_CM0/port.o
                0x000000000800598c                vPortSetupTimerInterrupt
 .text.pvPortMalloc
                0x00000000080059d0      0x158 Middlewares/Third_Party/FreeRTOS/Source/portable/MemMang/heap_4.o
                0x00000000080059d0                pvPortMalloc
 .text.vPortFree
                0x0000000008005b28       0x9c Middlewares/Third_Party/FreeRTOS/Source/portable/MemMang/heap_4.o
                0x0000000008005b28                vPortFree
 .text.prvHeapInit
                0x0000000008005bc4       0xc0 Middlewares/Third_Party/FreeRTOS/Source/portable/MemMang/heap_4.o
 .text.prvInsertBlockIntoFreeList
                0x0000000008005c84       0xb0 Middlewares/Third_Party/FreeRTOS/Source/portable/MemMang/heap_4.o
 .text.__libc_init_array
                0x0000000008005d34       0x48 c:/st/stm32cubeide_1.3.0/stm32cubeide/plugins/com.st.stm32cube.ide.mcu.externaltools.gnu-tools-for-stm32.7-2018-q2-update.win32_1.5.0.202011040924/tools/bin/../lib/gcc/arm-none-eabi/7.3.1/../../../../arm-none-eabi/lib/thumb/v6-m\libc_nano.a(lib_a-init.o)
                0x0000000008005d34                __libc_init_array
 .text.memcpy   0x0000000008005d7c       0x12 c:/st/stm32cubeide_1.3.0/stm32cubeide/plugins/com.st.stm32cube.ide.mcu.externaltools.gnu-tools-for-stm32.7-2018-q2-update.win32_1.5.0.202011040924/tools/bin/../lib/gcc/arm-none-eabi/7.3.1/../../../../arm-none-eabi/lib/thumb/v6-m\libc_nano.a(lib_a-memcpy-stub.o)
                0x0000000008005d7c                memcpy
 .text.memset   0x0000000008005d8e       0x10 c:/st/stm32cubeide_1.3.0/stm32cubeide/plugins/com.st.stm32cube.ide.mcu.externaltools.gnu-tools-for-stm32.7-2018-q2-update.win32_1.5.0.202011040924/tools/bin/../lib/gcc/arm-none-eabi/7.3.1/../../../../arm-none-eabi/lib/thumb/v6-m\libc_nano.a(lib_a-memset.o)
                0x0000000008005d8e                memset
 *(.glue_7)
 .glue_7        0x0000000008005d9e        0x0 linker stubs
 *(.glue_7t)
 .glue_7t       0x0000000008005d9e        0x0 linker stubs
 *(.eh_frame)
 *fill*         0x0000000008005d9e        0x2 
 .eh_frame      0x0000000008005da0        0x0 c:/st/stm32cubeide_1.3.0/stm32cubeide/plugins/com.st.stm32cube.ide.mcu.externaltools.gnu-tools-for-stm32.7-2018-q2-update.win32_1.5.0.202011040924/tools/bin/../lib/gcc/arm-none-eabi/7.3.1/thumb/v6-m/crtbegin.o
 *(.init)
 .init          0x0000000008005da0        0x4 c:/st/stm32cubeide_1.3.0/stm32cubeide/plugins/com.st.stm32cube.ide.mcu.externaltools.gnu-tools-for-stm32.7-2018-q2-update.win32_1.5.0.202011040924/tools/bin/../lib/gcc/arm-none-eabi/7.3.1/thumb/v6-m/crti.o
                0x0000000008005da0                _init
 .init          0x0000000008005da4        0x8 c:/st/stm32cubeide_1.3.0/stm32cubeide/plugins/com.st.stm32cube.ide.mcu.externaltools.gnu-tools-for-stm32.7-2018-q2-update.win32_1.5.0.202011040924/tools/bin/../lib/gcc/arm-none-eabi/7.3.1/thumb/v6-m/crtn.o
 *(.fini)
 .fini          0x0000000008005dac        0x4 c:/st/stm32cubeide_1.3.0/stm32cubeide/plugins/com.st.stm32cube.ide.mcu.externaltools.gnu-tools-for-stm32.7-2018-q2-update.win32_1.5.0.202011040924/tools/bin/../lib/gcc/arm-none-eabi/7.3.1/thumb/v6-m/crti.o
                0x0000000008005dac                _fini
 .fini          0x0000000008005db0        0x8 c:/st/stm32cubeide_1.3.0/stm32cubeide/plugins/com.st.stm32cube.ide.mcu.externaltools.gnu-tools-for-stm32.7-2018-q2-update.win32_1.5.0.202011040924/tools/bin/../lib/gcc/arm-none-eabi/7.3.1/thumb/v6-m/crtn.o
                0x0000000008005db8                . = ALIGN (0x4)
                0x0000000008005db8                _etext = .

.vfp11_veneer   0x0000000008005db8        0x0
 .vfp11_veneer  0x0000000008005db8        0x0 linker stubs

.v4_bx          0x0000000008005db8        0x0
 .v4_bx         0x0000000008005db8        0x0 linker stubs

.iplt           0x0000000008005db8        0x0
 .iplt          0x0000000008005db8        0x0 c:/st/stm32cubeide_1.3.0/stm32cubeide/plugins/com.st.stm32cube.ide.mcu.externaltools.gnu-tools-for-stm32.7-2018-q2-update.win32_1.5.0.202011040924/tools/bin/../lib/gcc/arm-none-eabi/7.3.1/thumb/v6-m/crtbegin.o

.rodata         0x0000000008005db8       0xe8
                0x0000000008005db8                . = ALIGN (0x4)
 *(.rodata)
 .rodata        0x0000000008005db8        0xc Core/Src/app_freertos.o
 .rodata        0x0000000008005dc4        0x5 Middlewares/Third_Party/FreeRTOS/Source/tasks.o
 *fill*         0x0000000008005dc9        0x3 
 .rodata        0x0000000008005dcc        0xd Middlewares/Third_Party/FreeRTOS/Source/timers.o
 *(.rodata*)
 *fill*         0x0000000008005dd9        0x3 
 .rodata.defaultTask_attributes
                0x0000000008005ddc       0x24 Core/Src/app_freertos.o
                0x0000000008005ddc                defaultTask_attributes
 .rodata.AHBPrescTable
                0x0000000008005e00       0x40 Core/Src/system_stm32g0xx.o
                0x0000000008005e00                AHBPrescTable
 .rodata.APBPrescTable
                0x0000000008005e40       0x20 Core/Src/system_stm32g0xx.o
                0x0000000008005e40                APBPrescTable
 .rodata.UARTPrescTable
                0x0000000008005e60       0x18 Drivers/STM32G0xx_HAL_Driver/Src/stm32g0xx_hal_uart.o
                0x0000000008005e60                UARTPrescTable
 .rodata.prvProcessReceivedCommands
                0x0000000008005e78       0x28 Middlewares/Third_Party/FreeRTOS/Source/timers.o
                0x0000000008005ea0                . = ALIGN (0x4)

.ARM.extab      0x0000000008005ea0        0x0
                0x0000000008005ea0                . = ALIGN (0x4)
 *(.ARM.extab* .gnu.linkonce.armextab.*)
                0x0000000008005ea0                . = ALIGN (0x4)

.ARM            0x0000000008005ea0        0x8
                0x0000000008005ea0                . = ALIGN (0x4)
                0x0000000008005ea0                __exidx_start = .
 *(.ARM.exidx*)
 .ARM.exidx     0x0000000008005ea0        0x8 c:/st/stm32cubeide_1.3.0/stm32cubeide/plugins/com.st.stm32cube.ide.mcu.externaltools.gnu-tools-for-stm32.7-2018-q2-update.win32_1.5.0.202011040924/tools/bin/../lib/gcc/arm-none-eabi/7.3.1/thumb/v6-m\libgcc.a(_udivmoddi4.o)
                0x0000000008005ea8                __exidx_end = .
                0x0000000008005ea8                . = ALIGN (0x4)

.rel.dyn        0x0000000008005ea8        0x0
 .rel.iplt      0x0000000008005ea8        0x0 c:/st/stm32cubeide_1.3.0/stm32cubeide/plugins/com.st.stm32cube.ide.mcu.externaltools.gnu-tools-for-stm32.7-2018-q2-update.win32_1.5.0.202011040924/tools/bin/../lib/gcc/arm-none-eabi/7.3.1/thumb/v6-m/crtbegin.o

.preinit_array  0x0000000008005ea8        0x0
                0x0000000008005ea8                . = ALIGN (0x4)
                0x0000000008005ea8                PROVIDE (__preinit_array_start = .)
 *(.preinit_array*)
                0x0000000008005ea8                PROVIDE (__preinit_array_end = .)
                0x0000000008005ea8                . = ALIGN (0x4)

.init_array     0x0000000008005ea8        0x4
                0x0000000008005ea8                . = ALIGN (0x4)
                0x0000000008005ea8                PROVIDE (__init_array_start = .)
 *(SORT_BY_NAME(.init_array.*))
 *(.init_array*)
 .init_array    0x0000000008005ea8        0x4 c:/st/stm32cubeide_1.3.0/stm32cubeide/plugins/com.st.stm32cube.ide.mcu.externaltools.gnu-tools-for-stm32.7-2018-q2-update.win32_1.5.0.202011040924/tools/bin/../lib/gcc/arm-none-eabi/7.3.1/thumb/v6-m/crtbegin.o
                0x0000000008005eac                PROVIDE (__init_array_end = .)
                0x0000000008005eac                . = ALIGN (0x4)

.fini_array     0x0000000008005eac        0x4
                0x0000000008005eac                . = ALIGN (0x4)
                [!provide]                        PROVIDE (__fini_array_start = .)
 *(SORT_BY_NAME(.fini_array.*))
 *(.fini_array*)
 .fini_array    0x0000000008005eac        0x4 c:/st/stm32cubeide_1.3.0/stm32cubeide/plugins/com.st.stm32cube.ide.mcu.externaltools.gnu-tools-for-stm32.7-2018-q2-update.win32_1.5.0.202011040924/tools/bin/../lib/gcc/arm-none-eabi/7.3.1/thumb/v6-m/crtbegin.o
                [!provide]                        PROVIDE (__fini_array_end = .)
                0x0000000008005eb0                . = ALIGN (0x4)
                0x0000000008005eb0                _sidata = LOADADDR (.data)

.data           0x0000000020000000       0x10 load address 0x0000000008005eb0
                0x0000000020000000                . = ALIGN (0x4)
                0x0000000020000000                _sdata = .
 *(.data)
 *(.data*)
 .data.SystemCoreClock
                0x0000000020000000        0x4 Core/Src/system_stm32g0xx.o
                0x0000000020000000                SystemCoreClock
 .data.uwTickPrio
                0x0000000020000004        0x4 Drivers/STM32G0xx_HAL_Driver/Src/stm32g0xx_hal.o
                0x0000000020000004                uwTickPrio
 .data.uwTickFreq
                0x0000000020000008        0x1 Drivers/STM32G0xx_HAL_Driver/Src/stm32g0xx_hal.o
                0x0000000020000008                uwTickFreq
 *fill*         0x0000000020000009        0x3 
 .data.uxCriticalNesting
                0x000000002000000c        0x4 Middlewares/Third_Party/FreeRTOS/Source/portable/GCC/ARM_CM0/port.o
 *(.RamFunc)
 *(.RamFunc*)
                0x0000000020000010                . = ALIGN (0x4)
                0x0000000020000010                _edata = .

.igot.plt       0x0000000020000010        0x0 load address 0x0000000008005ec0
 .igot.plt      0x0000000020000010        0x0 c:/st/stm32cubeide_1.3.0/stm32cubeide/plugins/com.st.stm32cube.ide.mcu.externaltools.gnu-tools-for-stm32.7-2018-q2-update.win32_1.5.0.202011040924/tools/bin/../lib/gcc/arm-none-eabi/7.3.1/thumb/v6-m/crtbegin.o
                0x0000000020000010                . = ALIGN (0x4)

.bss            0x0000000020000010     0x1508 load address 0x0000000008005ec0
                0x0000000020000010                _sbss = .
                0x0000000020000010                __bss_start__ = _sbss
 *(.bss)
 .bss           0x0000000020000010       0x1c c:/st/stm32cubeide_1.3.0/stm32cubeide/plugins/com.st.stm32cube.ide.mcu.externaltools.gnu-tools-for-stm32.7-2018-q2-update.win32_1.5.0.202011040924/tools/bin/../lib/gcc/arm-none-eabi/7.3.1/thumb/v6-m/crtbegin.o
 *(.bss*)
 .bss.KernelState
                0x000000002000002c        0x4 Middlewares/Third_Party/FreeRTOS/Source/CMSIS_RTOS_V2/cmsis_os2.o
 .bss.Idle_TCB.9098
                0x0000000020000030       0x5c Middlewares/Third_Party/FreeRTOS/Source/CMSIS_RTOS_V2/cmsis_os2.o
 .bss.Idle_Stack.9099
                0x000000002000008c      0x200 Middlewares/Third_Party/FreeRTOS/Source/CMSIS_RTOS_V2/cmsis_os2.o
 .bss.Timer_TCB.9105
                0x000000002000028c       0x5c Middlewares/Third_Party/FreeRTOS/Source/CMSIS_RTOS_V2/cmsis_os2.o
 .bss.Timer_Stack.9106
                0x00000000200002e8      0x400 Middlewares/Third_Party/FreeRTOS/Source/CMSIS_RTOS_V2/cmsis_os2.o
 .bss.pxCurrentTCB
                0x00000000200006e8        0x4 Middlewares/Third_Party/FreeRTOS/Source/tasks.o
                0x00000000200006e8                pxCurrentTCB
 .bss.pxReadyTasksLists
                0x00000000200006ec      0x460 Middlewares/Third_Party/FreeRTOS/Source/tasks.o
 .bss.xDelayedTaskList1
                0x0000000020000b4c       0x14 Middlewares/Third_Party/FreeRTOS/Source/tasks.o
 .bss.xDelayedTaskList2
                0x0000000020000b60       0x14 Middlewares/Third_Party/FreeRTOS/Source/tasks.o
 .bss.pxDelayedTaskList
                0x0000000020000b74        0x4 Middlewares/Third_Party/FreeRTOS/Source/tasks.o
 .bss.pxOverflowDelayedTaskList
                0x0000000020000b78        0x4 Middlewares/Third_Party/FreeRTOS/Source/tasks.o
 .bss.xPendingReadyList
                0x0000000020000b7c       0x14 Middlewares/Third_Party/FreeRTOS/Source/tasks.o
 .bss.xTasksWaitingTermination
                0x0000000020000b90       0x14 Middlewares/Third_Party/FreeRTOS/Source/tasks.o
 .bss.uxDeletedTasksWaitingCleanUp
                0x0000000020000ba4        0x4 Middlewares/Third_Party/FreeRTOS/Source/tasks.o
 .bss.xSuspendedTaskList
                0x0000000020000ba8       0x14 Middlewares/Third_Party/FreeRTOS/Source/tasks.o
 .bss.uxCurrentNumberOfTasks
                0x0000000020000bbc        0x4 Middlewares/Third_Party/FreeRTOS/Source/tasks.o
 .bss.xTickCount
                0x0000000020000bc0        0x4 Middlewares/Third_Party/FreeRTOS/Source/tasks.o
 .bss.uxTopReadyPriority
                0x0000000020000bc4        0x4 Middlewares/Third_Party/FreeRTOS/Source/tasks.o
 .bss.xSchedulerRunning
                0x0000000020000bc8        0x4 Middlewares/Third_Party/FreeRTOS/Source/tasks.o
 .bss.xPendedTicks
                0x0000000020000bcc        0x4 Middlewares/Third_Party/FreeRTOS/Source/tasks.o
 .bss.xYieldPending
                0x0000000020000bd0        0x4 Middlewares/Third_Party/FreeRTOS/Source/tasks.o
 .bss.xNumOfOverflows
                0x0000000020000bd4        0x4 Middlewares/Third_Party/FreeRTOS/Source/tasks.o
 .bss.uxTaskNumber
                0x0000000020000bd8        0x4 Middlewares/Third_Party/FreeRTOS/Source/tasks.o
 .bss.xNextTaskUnblockTime
                0x0000000020000bdc        0x4 Middlewares/Third_Party/FreeRTOS/Source/tasks.o
 .bss.xIdleTaskHandle
                0x0000000020000be0        0x4 Middlewares/Third_Party/FreeRTOS/Source/tasks.o
 .bss.uxSchedulerSuspended
                0x0000000020000be4        0x4 Middlewares/Third_Party/FreeRTOS/Source/tasks.o
 .bss.xActiveTimerList1
                0x0000000020000be8       0x14 Middlewares/Third_Party/FreeRTOS/Source/timers.o
 .bss.xActiveTimerList2
                0x0000000020000bfc       0x14 Middlewares/Third_Party/FreeRTOS/Source/timers.o
 .bss.pxCurrentTimerList
                0x0000000020000c10        0x4 Middlewares/Third_Party/FreeRTOS/Source/timers.o
 .bss.pxOverflowTimerList
                0x0000000020000c14        0x4 Middlewares/Third_Party/FreeRTOS/Source/timers.o
 .bss.xTimerQueue
                0x0000000020000c18        0x4 Middlewares/Third_Party/FreeRTOS/Source/timers.o
 .bss.xTimerTaskHandle
                0x0000000020000c1c        0x4 Middlewares/Third_Party/FreeRTOS/Source/timers.o
 .bss.xLastTime.5477
                0x0000000020000c20        0x4 Middlewares/Third_Party/FreeRTOS/Source/timers.o
 .bss.ucStaticTimerQueueStorage.5528
                0x0000000020000c24       0xa0 Middlewares/Third_Party/FreeRTOS/Source/timers.o
 .bss.xStaticTimerQueue.5527
                0x0000000020000cc4       0x50 Middlewares/Third_Party/FreeRTOS/Source/timers.o
 .bss.ucHeap    0x0000000020000d14      0x400 Middlewares/Third_Party/FreeRTOS/Source/portable/MemMang/heap_4.o
 .bss.xStart    0x0000000020001114        0x8 Middlewares/Third_Party/FreeRTOS/Source/portable/MemMang/heap_4.o
 .bss.pxEnd     0x000000002000111c        0x4 Middlewares/Third_Party/FreeRTOS/Source/portable/MemMang/heap_4.o
 .bss.xFreeBytesRemaining
                0x0000000020001120        0x4 Middlewares/Third_Party/FreeRTOS/Source/portable/MemMang/heap_4.o
 .bss.xMinimumEverFreeBytesRemaining
                0x0000000020001124        0x4 Middlewares/Third_Party/FreeRTOS/Source/portable/MemMang/heap_4.o
 .bss.xNumberOfSuccessfulAllocations
                0x0000000020001128        0x4 Middlewares/Third_Party/FreeRTOS/Source/portable/MemMang/heap_4.o
 .bss.xNumberOfSuccessfulFrees
                0x000000002000112c        0x4 Middlewares/Third_Party/FreeRTOS/Source/portable/MemMang/heap_4.o
 .bss.xBlockAllocatedBit
                0x0000000020001130        0x4 Middlewares/Third_Party/FreeRTOS/Source/portable/MemMang/heap_4.o
 *(COMMON)
 COMMON         0x0000000020001134      0x260 Core/Src/app_freertos.o
                0x0000000020001134                defaultTaskHandle
                0x0000000020001138                defaultTaskBuffer
                0x0000000020001338                defaultTaskControlBlock
 COMMON         0x0000000020001394       0x64 Core/Src/spi.o
                0x0000000020001394                hspi1
 COMMON         0x00000000200013f8       0x4c Core/Src/stm32g0xx_hal_timebase_tim.o
                0x00000000200013f8                htim16
 COMMON         0x0000000020001444       0x90 Core/Src/usart.o
                0x0000000020001444                huart2
 COMMON         0x00000000200014d4        0x4 Drivers/STM32G0xx_HAL_Driver/Src/stm32g0xx_hal.o
                0x00000000200014d4                uwTick
 COMMON         0x00000000200014d8       0x40 Middlewares/Third_Party/FreeRTOS/Source/queue.o
                0x00000000200014d8                xQueueRegistry
                0x0000000020001518                . = ALIGN (0x4)
                0x0000000020001518                _ebss = .
                0x0000000020001518                __bss_end__ = _ebss

._user_heap_stack
                0x0000000020001518      0x600 load address 0x0000000008005ec0
                0x0000000020001518                . = ALIGN (0x8)
                [!provide]                        PROVIDE (end = .)
                0x0000000020001518                PROVIDE (_end = .)
                0x0000000020001718                . = (. + _Min_Heap_Size)
 *fill*         0x0000000020001518      0x200 
                0x0000000020001b18                . = (. + _Min_Stack_Size)
 *fill*         0x0000000020001718      0x400 
                0x0000000020001b18                . = ALIGN (0x8)

/DISCARD/
 libc.a(*)
 libm.a(*)
 libgcc.a(*)

.ARM.attributes
                0x0000000000000000       0x28
 *(.ARM.attributes)
 .ARM.attributes
                0x0000000000000000       0x1e c:/st/stm32cubeide_1.3.0/stm32cubeide/plugins/com.st.stm32cube.ide.mcu.externaltools.gnu-tools-for-stm32.7-2018-q2-update.win32_1.5.0.202011040924/tools/bin/../lib/gcc/arm-none-eabi/7.3.1/thumb/v6-m/crti.o
 .ARM.attributes
                0x000000000000001e       0x2c c:/st/stm32cubeide_1.3.0/stm32cubeide/plugins/com.st.stm32cube.ide.mcu.externaltools.gnu-tools-for-stm32.7-2018-q2-update.win32_1.5.0.202011040924/tools/bin/../lib/gcc/arm-none-eabi/7.3.1/thumb/v6-m/crtbegin.o
 .ARM.attributes
                0x000000000000004a       0x32 Core/Src/DRV83.o
 .ARM.attributes
                0x000000000000007c       0x32 Core/Src/app_freertos.o
 .ARM.attributes
                0x00000000000000ae       0x32 Core/Src/gpio.o
 .ARM.attributes
                0x00000000000000e0       0x32 Core/Src/main.o
 .ARM.attributes
                0x0000000000000112       0x32 Core/Src/spi.o
 .ARM.attributes
                0x0000000000000144       0x32 Core/Src/stm32g0xx_hal_msp.o
 .ARM.attributes
                0x0000000000000176       0x32 Core/Src/stm32g0xx_hal_timebase_tim.o
 .ARM.attributes
                0x00000000000001a8       0x32 Core/Src/stm32g0xx_it.o
 .ARM.attributes
                0x00000000000001da       0x32 Core/Src/system_stm32g0xx.o
 .ARM.attributes
                0x000000000000020c       0x32 Core/Src/usart.o
 .ARM.attributes
                0x000000000000023e       0x32 Core/Src/utils.o
 .ARM.attributes
                0x0000000000000270       0x22 Core/Startup/startup_stm32g031k8tx.o
 .ARM.attributes
                0x0000000000000292       0x32 Drivers/STM32G0xx_HAL_Driver/Src/stm32g0xx_hal.o
 .ARM.attributes
                0x00000000000002c4       0x32 Drivers/STM32G0xx_HAL_Driver/Src/stm32g0xx_hal_cortex.o
 .ARM.attributes
                0x00000000000002f6       0x32 Drivers/STM32G0xx_HAL_Driver/Src/stm32g0xx_hal_dma.o
 .ARM.attributes
                0x0000000000000328       0x32 Drivers/STM32G0xx_HAL_Driver/Src/stm32g0xx_hal_gpio.o
 .ARM.attributes
                0x000000000000035a       0x32 Drivers/STM32G0xx_HAL_Driver/Src/stm32g0xx_hal_pwr_ex.o
 .ARM.attributes
                0x000000000000038c       0x32 Drivers/STM32G0xx_HAL_Driver/Src/stm32g0xx_hal_rcc.o
 .ARM.attributes
                0x00000000000003be       0x32 Drivers/STM32G0xx_HAL_Driver/Src/stm32g0xx_hal_spi.o
 .ARM.attributes
                0x00000000000003f0       0x32 Drivers/STM32G0xx_HAL_Driver/Src/stm32g0xx_hal_tim.o
 .ARM.attributes
                0x0000000000000422       0x32 Drivers/STM32G0xx_HAL_Driver/Src/stm32g0xx_hal_tim_ex.o
 .ARM.attributes
                0x0000000000000454       0x32 Drivers/STM32G0xx_HAL_Driver/Src/stm32g0xx_hal_uart.o
 .ARM.attributes
                0x0000000000000486       0x32 Middlewares/Third_Party/FreeRTOS/Source/CMSIS_RTOS_V2/cmsis_os2.o
 .ARM.attributes
                0x00000000000004b8       0x32 Middlewares/Third_Party/FreeRTOS/Source/list.o
 .ARM.attributes
                0x00000000000004ea       0x32 Middlewares/Third_Party/FreeRTOS/Source/queue.o
 .ARM.attributes
                0x000000000000051c       0x32 Middlewares/Third_Party/FreeRTOS/Source/tasks.o
 .ARM.attributes
                0x000000000000054e       0x32 Middlewares/Third_Party/FreeRTOS/Source/timers.o
 .ARM.attributes
                0x0000000000000580       0x32 Middlewares/Third_Party/FreeRTOS/Source/portable/GCC/ARM_CM0/port.o
 .ARM.attributes
                0x00000000000005b2       0x32 Middlewares/Third_Party/FreeRTOS/Source/portable/MemMang/heap_4.o
 .ARM.attributes
                0x00000000000005e4       0x2c c:/st/stm32cubeide_1.3.0/stm32cubeide/plugins/com.st.stm32cube.ide.mcu.externaltools.gnu-tools-for-stm32.7-2018-q2-update.win32_1.5.0.202011040924/tools/bin/../lib/gcc/arm-none-eabi/7.3.1/../../../../arm-none-eabi/lib/thumb/v6-m\libc_nano.a(lib_a-init.o)
 .ARM.attributes
                0x0000000000000610       0x2c c:/st/stm32cubeide_1.3.0/stm32cubeide/plugins/com.st.stm32cube.ide.mcu.externaltools.gnu-tools-for-stm32.7-2018-q2-update.win32_1.5.0.202011040924/tools/bin/../lib/gcc/arm-none-eabi/7.3.1/../../../../arm-none-eabi/lib/thumb/v6-m\libc_nano.a(lib_a-memcpy-stub.o)
 .ARM.attributes
                0x000000000000063c       0x2c c:/st/stm32cubeide_1.3.0/stm32cubeide/plugins/com.st.stm32cube.ide.mcu.externaltools.gnu-tools-for-stm32.7-2018-q2-update.win32_1.5.0.202011040924/tools/bin/../lib/gcc/arm-none-eabi/7.3.1/../../../../arm-none-eabi/lib/thumb/v6-m\libc_nano.a(lib_a-memset.o)
 .ARM.attributes
                0x0000000000000668       0x1e c:/st/stm32cubeide_1.3.0/stm32cubeide/plugins/com.st.stm32cube.ide.mcu.externaltools.gnu-tools-for-stm32.7-2018-q2-update.win32_1.5.0.202011040924/tools/bin/../lib/gcc/arm-none-eabi/7.3.1/thumb/v6-m\libgcc.a(_udivsi3.o)
 .ARM.attributes
                0x0000000000000686       0x1e c:/st/stm32cubeide_1.3.0/stm32cubeide/plugins/com.st.stm32cube.ide.mcu.externaltools.gnu-tools-for-stm32.7-2018-q2-update.win32_1.5.0.202011040924/tools/bin/../lib/gcc/arm-none-eabi/7.3.1/thumb/v6-m\libgcc.a(_dvmd_tls.o)
 .ARM.attributes
                0x00000000000006a4       0x1e c:/st/stm32cubeide_1.3.0/stm32cubeide/plugins/com.st.stm32cube.ide.mcu.externaltools.gnu-tools-for-stm32.7-2018-q2-update.win32_1.5.0.202011040924/tools/bin/../lib/gcc/arm-none-eabi/7.3.1/thumb/v6-m\libgcc.a(_aeabi_uldivmod.o)
 .ARM.attributes
                0x00000000000006c2       0x2c c:/st/stm32cubeide_1.3.0/stm32cubeide/plugins/com.st.stm32cube.ide.mcu.externaltools.gnu-tools-for-stm32.7-2018-q2-update.win32_1.5.0.202011040924/tools/bin/../lib/gcc/arm-none-eabi/7.3.1/thumb/v6-m\libgcc.a(_udivmoddi4.o)
 .ARM.attributes
                0x00000000000006ee       0x1e c:/st/stm32cubeide_1.3.0/stm32cubeide/plugins/com.st.stm32cube.ide.mcu.externaltools.gnu-tools-for-stm32.7-2018-q2-update.win32_1.5.0.202011040924/tools/bin/../lib/gcc/arm-none-eabi/7.3.1/thumb/v6-m\libgcc.a(_clzsi2.o)
 .ARM.attributes
                0x000000000000070c       0x1e c:/st/stm32cubeide_1.3.0/stm32cubeide/plugins/com.st.stm32cube.ide.mcu.externaltools.gnu-tools-for-stm32.7-2018-q2-update.win32_1.5.0.202011040924/tools/bin/../lib/gcc/arm-none-eabi/7.3.1/thumb/v6-m\libgcc.a(_clzdi2.o)
 .ARM.attributes
                0x000000000000072a       0x1e c:/st/stm32cubeide_1.3.0/stm32cubeide/plugins/com.st.stm32cube.ide.mcu.externaltools.gnu-tools-for-stm32.7-2018-q2-update.win32_1.5.0.202011040924/tools/bin/../lib/gcc/arm-none-eabi/7.3.1/thumb/v6-m/crtn.o
OUTPUT(spi_task_g0.elf elf32-littlearm)

.debug_info     0x0000000000000000    0x1c4a3
 .debug_info    0x0000000000000000      0x98e Core/Src/DRV83.o
 .debug_info    0x000000000000098e      0x630 Core/Src/app_freertos.o
 .debug_info    0x0000000000000fbe      0x54a Core/Src/gpio.o
 .debug_info    0x0000000000001508     0x1034 Core/Src/main.o
 .debug_info    0x000000000000253c      0xb85 Core/Src/spi.o
 .debug_info    0x00000000000030c1      0x4c1 Core/Src/stm32g0xx_hal_msp.o
 .debug_info    0x0000000000003582      0xbc6 Core/Src/stm32g0xx_hal_timebase_tim.o
 .debug_info    0x0000000000004148      0xb57 Core/Src/stm32g0xx_it.o
 .debug_info    0x0000000000004c9f      0x4ee Core/Src/system_stm32g0xx.o
 .debug_info    0x000000000000518d      0xb52 Core/Src/usart.o
 .debug_info    0x0000000000005cdf     0x1043 Core/Src/utils.o
 .debug_info    0x0000000000006d22       0x22 Core/Startup/startup_stm32g031k8tx.o
 .debug_info    0x0000000000006d44      0xae3 Drivers/STM32G0xx_HAL_Driver/Src/stm32g0xx_hal.o
 .debug_info    0x0000000000007827      0xa03 Drivers/STM32G0xx_HAL_Driver/Src/stm32g0xx_hal_cortex.o
 .debug_info    0x000000000000822a      0x995 Drivers/STM32G0xx_HAL_Driver/Src/stm32g0xx_hal_dma.o
 .debug_info    0x0000000000008bbf      0x6ed Drivers/STM32G0xx_HAL_Driver/Src/stm32g0xx_hal_gpio.o
 .debug_info    0x00000000000092ac      0x8be Drivers/STM32G0xx_HAL_Driver/Src/stm32g0xx_hal_pwr_ex.o
 .debug_info    0x0000000000009b6a      0xb4a Drivers/STM32G0xx_HAL_Driver/Src/stm32g0xx_hal_rcc.o
 .debug_info    0x000000000000a6b4     0x17cf Drivers/STM32G0xx_HAL_Driver/Src/stm32g0xx_hal_spi.o
 .debug_info    0x000000000000be83     0x2a87 Drivers/STM32G0xx_HAL_Driver/Src/stm32g0xx_hal_tim.o
 .debug_info    0x000000000000e90a     0x17a5 Drivers/STM32G0xx_HAL_Driver/Src/stm32g0xx_hal_tim_ex.o
 .debug_info    0x00000000000100af     0x1a93 Drivers/STM32G0xx_HAL_Driver/Src/stm32g0xx_hal_uart.o
 .debug_info    0x0000000000011b42     0x39ee Middlewares/Third_Party/FreeRTOS/Source/CMSIS_RTOS_V2/cmsis_os2.o
 .debug_info    0x0000000000015530      0xacb Middlewares/Third_Party/FreeRTOS/Source/list.o
 .debug_info    0x0000000000015ffb     0x1b8d Middlewares/Third_Party/FreeRTOS/Source/queue.o
 .debug_info    0x0000000000017b88     0x2256 Middlewares/Third_Party/FreeRTOS/Source/tasks.o
 .debug_info    0x0000000000019dde     0x1840 Middlewares/Third_Party/FreeRTOS/Source/timers.o
 .debug_info    0x000000000001b61e      0x26b Middlewares/Third_Party/FreeRTOS/Source/portable/GCC/ARM_CM0/port.o
 .debug_info    0x000000000001b889      0xc1a Middlewares/Third_Party/FreeRTOS/Source/portable/MemMang/heap_4.o

.debug_abbrev   0x0000000000000000     0x38bf
 .debug_abbrev  0x0000000000000000      0x178 Core/Src/DRV83.o
 .debug_abbrev  0x0000000000000178      0x160 Core/Src/app_freertos.o
 .debug_abbrev  0x00000000000002d8      0x134 Core/Src/gpio.o
 .debug_abbrev  0x000000000000040c      0x1c3 Core/Src/main.o
 .debug_abbrev  0x00000000000005cf      0x1a2 Core/Src/spi.o
 .debug_abbrev  0x0000000000000771      0x12e Core/Src/stm32g0xx_hal_msp.o
 .debug_abbrev  0x000000000000089f      0x1ac Core/Src/stm32g0xx_hal_timebase_tim.o
 .debug_abbrev  0x0000000000000a4b      0x178 Core/Src/stm32g0xx_it.o
 .debug_abbrev  0x0000000000000bc3      0x147 Core/Src/system_stm32g0xx.o
 .debug_abbrev  0x0000000000000d0a      0x199 Core/Src/usart.o
 .debug_abbrev  0x0000000000000ea3      0x273 Core/Src/utils.o
 .debug_abbrev  0x0000000000001116       0x12 Core/Startup/startup_stm32g031k8tx.o
 .debug_abbrev  0x0000000000001128      0x242 Drivers/STM32G0xx_HAL_Driver/Src/stm32g0xx_hal.o
 .debug_abbrev  0x000000000000136a      0x28b Drivers/STM32G0xx_HAL_Driver/Src/stm32g0xx_hal_cortex.o
 .debug_abbrev  0x00000000000015f5      0x1c8 Drivers/STM32G0xx_HAL_Driver/Src/stm32g0xx_hal_dma.o
 .debug_abbrev  0x00000000000017bd      0x1b7 Drivers/STM32G0xx_HAL_Driver/Src/stm32g0xx_hal_gpio.o
 .debug_abbrev  0x0000000000001974      0x217 Drivers/STM32G0xx_HAL_Driver/Src/stm32g0xx_hal_pwr_ex.o
 .debug_abbrev  0x0000000000001b8b      0x211 Drivers/STM32G0xx_HAL_Driver/Src/stm32g0xx_hal_rcc.o
 .debug_abbrev  0x0000000000001d9c      0x237 Drivers/STM32G0xx_HAL_Driver/Src/stm32g0xx_hal_spi.o
 .debug_abbrev  0x0000000000001fd3      0x24e Drivers/STM32G0xx_HAL_Driver/Src/stm32g0xx_hal_tim.o
 .debug_abbrev  0x0000000000002221      0x245 Drivers/STM32G0xx_HAL_Driver/Src/stm32g0xx_hal_tim_ex.o
 .debug_abbrev  0x0000000000002466      0x240 Drivers/STM32G0xx_HAL_Driver/Src/stm32g0xx_hal_uart.o
 .debug_abbrev  0x00000000000026a6      0x40e Middlewares/Third_Party/FreeRTOS/Source/CMSIS_RTOS_V2/cmsis_os2.o
 .debug_abbrev  0x0000000000002ab4      0x1cf Middlewares/Third_Party/FreeRTOS/Source/list.o
 .debug_abbrev  0x0000000000002c83      0x2b5 Middlewares/Third_Party/FreeRTOS/Source/queue.o
 .debug_abbrev  0x0000000000002f38      0x303 Middlewares/Third_Party/FreeRTOS/Source/tasks.o
 .debug_abbrev  0x000000000000323b      0x2a1 Middlewares/Third_Party/FreeRTOS/Source/timers.o
 .debug_abbrev  0x00000000000034dc      0x1a6 Middlewares/Third_Party/FreeRTOS/Source/portable/GCC/ARM_CM0/port.o
 .debug_abbrev  0x0000000000003682      0x23d Middlewares/Third_Party/FreeRTOS/Source/portable/MemMang/heap_4.o

.debug_aranges  0x0000000000000000     0x18f0
 .debug_aranges
                0x0000000000000000       0x30 Core/Src/DRV83.o
 .debug_aranges
                0x0000000000000030       0x28 Core/Src/app_freertos.o
 .debug_aranges
                0x0000000000000058       0x20 Core/Src/gpio.o
 .debug_aranges
                0x0000000000000078       0x38 Core/Src/main.o
 .debug_aranges
                0x00000000000000b0       0x30 Core/Src/spi.o
 .debug_aranges
                0x00000000000000e0       0x20 Core/Src/stm32g0xx_hal_msp.o
 .debug_aranges
                0x0000000000000100       0x30 Core/Src/stm32g0xx_hal_timebase_tim.o
 .debug_aranges
                0x0000000000000130       0x38 Core/Src/stm32g0xx_it.o
 .debug_aranges
                0x0000000000000168       0x28 Core/Src/system_stm32g0xx.o
 .debug_aranges
                0x0000000000000190       0x30 Core/Src/usart.o
 .debug_aranges
                0x00000000000001c0       0xd8 Core/Src/utils.o
 .debug_aranges
                0x0000000000000298       0x28 Core/Startup/startup_stm32g031k8tx.o
 .debug_aranges
                0x00000000000002c0      0x128 Drivers/STM32G0xx_HAL_Driver/Src/stm32g0xx_hal.o
 .debug_aranges
                0x00000000000003e8       0xd8 Drivers/STM32G0xx_HAL_Driver/Src/stm32g0xx_hal_cortex.o
 .debug_aranges
                0x00000000000004c0       0x90 Drivers/STM32G0xx_HAL_Driver/Src/stm32g0xx_hal_dma.o
 .debug_aranges
                0x0000000000000550       0x60 Drivers/STM32G0xx_HAL_Driver/Src/stm32g0xx_hal_gpio.o
 .debug_aranges
                0x00000000000005b0       0xf0 Drivers/STM32G0xx_HAL_Driver/Src/stm32g0xx_hal_pwr_ex.o
 .debug_aranges
                0x00000000000006a0       0x98 Drivers/STM32G0xx_HAL_Driver/Src/stm32g0xx_hal_rcc.o
 .debug_aranges
                0x0000000000000738      0x1d8 Drivers/STM32G0xx_HAL_Driver/Src/stm32g0xx_hal_spi.o
 .debug_aranges
                0x0000000000000910      0x3e0 Drivers/STM32G0xx_HAL_Driver/Src/stm32g0xx_hal_tim.o
 .debug_aranges
                0x0000000000000cf0      0x198 Drivers/STM32G0xx_HAL_Driver/Src/stm32g0xx_hal_tim_ex.o
 .debug_aranges
                0x0000000000000e88      0x248 Drivers/STM32G0xx_HAL_Driver/Src/stm32g0xx_hal_uart.o
 .debug_aranges
                0x00000000000010d0      0x2b0 Middlewares/Third_Party/FreeRTOS/Source/CMSIS_RTOS_V2/cmsis_os2.o
 .debug_aranges
                0x0000000000001380       0x40 Middlewares/Third_Party/FreeRTOS/Source/list.o
 .debug_aranges
                0x00000000000013c0      0x158 Middlewares/Third_Party/FreeRTOS/Source/queue.o
 .debug_aranges
                0x0000000000001518      0x208 Middlewares/Third_Party/FreeRTOS/Source/tasks.o
 .debug_aranges
                0x0000000000001720       0xf0 Middlewares/Third_Party/FreeRTOS/Source/timers.o
 .debug_aranges
                0x0000000000001810       0x88 Middlewares/Third_Party/FreeRTOS/Source/portable/GCC/ARM_CM0/port.o
 .debug_aranges
                0x0000000000001898       0x58 Middlewares/Third_Party/FreeRTOS/Source/portable/MemMang/heap_4.o

.debug_ranges   0x0000000000000000     0x1770
 .debug_ranges  0x0000000000000000       0x20 Core/Src/DRV83.o
 .debug_ranges  0x0000000000000020       0x18 Core/Src/app_freertos.o
 .debug_ranges  0x0000000000000038       0x10 Core/Src/gpio.o
 .debug_ranges  0x0000000000000048       0x28 Core/Src/main.o
 .debug_ranges  0x0000000000000070       0x20 Core/Src/spi.o
 .debug_ranges  0x0000000000000090       0x10 Core/Src/stm32g0xx_hal_msp.o
 .debug_ranges  0x00000000000000a0       0x20 Core/Src/stm32g0xx_hal_timebase_tim.o
 .debug_ranges  0x00000000000000c0       0x28 Core/Src/stm32g0xx_it.o
 .debug_ranges  0x00000000000000e8       0x18 Core/Src/system_stm32g0xx.o
 .debug_ranges  0x0000000000000100       0x20 Core/Src/usart.o
 .debug_ranges  0x0000000000000120       0xe0 Core/Src/utils.o
 .debug_ranges  0x0000000000000200       0x20 Core/Startup/startup_stm32g031k8tx.o
 .debug_ranges  0x0000000000000220      0x118 Drivers/STM32G0xx_HAL_Driver/Src/stm32g0xx_hal.o
 .debug_ranges  0x0000000000000338       0xc8 Drivers/STM32G0xx_HAL_Driver/Src/stm32g0xx_hal_cortex.o
 .debug_ranges  0x0000000000000400       0x80 Drivers/STM32G0xx_HAL_Driver/Src/stm32g0xx_hal_dma.o
 .debug_ranges  0x0000000000000480       0x50 Drivers/STM32G0xx_HAL_Driver/Src/stm32g0xx_hal_gpio.o
 .debug_ranges  0x00000000000004d0       0xe0 Drivers/STM32G0xx_HAL_Driver/Src/stm32g0xx_hal_pwr_ex.o
 .debug_ranges  0x00000000000005b0       0x88 Drivers/STM32G0xx_HAL_Driver/Src/stm32g0xx_hal_rcc.o
 .debug_ranges  0x0000000000000638      0x1c8 Drivers/STM32G0xx_HAL_Driver/Src/stm32g0xx_hal_spi.o
 .debug_ranges  0x0000000000000800      0x3d0 Drivers/STM32G0xx_HAL_Driver/Src/stm32g0xx_hal_tim.o
 .debug_ranges  0x0000000000000bd0      0x188 Drivers/STM32G0xx_HAL_Driver/Src/stm32g0xx_hal_tim_ex.o
 .debug_ranges  0x0000000000000d58      0x268 Drivers/STM32G0xx_HAL_Driver/Src/stm32g0xx_hal_uart.o
 .debug_ranges  0x0000000000000fc0      0x2a0 Middlewares/Third_Party/FreeRTOS/Source/CMSIS_RTOS_V2/cmsis_os2.o
 .debug_ranges  0x0000000000001260       0x30 Middlewares/Third_Party/FreeRTOS/Source/list.o
 .debug_ranges  0x0000000000001290      0x148 Middlewares/Third_Party/FreeRTOS/Source/queue.o
 .debug_ranges  0x00000000000013d8      0x1f8 Middlewares/Third_Party/FreeRTOS/Source/tasks.o
 .debug_ranges  0x00000000000015d0       0xe0 Middlewares/Third_Party/FreeRTOS/Source/timers.o
 .debug_ranges  0x00000000000016b0       0x78 Middlewares/Third_Party/FreeRTOS/Source/portable/GCC/ARM_CM0/port.o
 .debug_ranges  0x0000000000001728       0x48 Middlewares/Third_Party/FreeRTOS/Source/portable/MemMang/heap_4.o

.debug_macro    0x0000000000000000    0x18da1
 .debug_macro   0x0000000000000000      0x22f Core/Src/DRV83.o
 .debug_macro   0x000000000000022f      0xa4e Core/Src/DRV83.o
 .debug_macro   0x0000000000000c7d      0x123 Core/Src/DRV83.o
 .debug_macro   0x0000000000000da0       0x2e Core/Src/DRV83.o
 .debug_macro   0x0000000000000dce       0x28 Core/Src/DRV83.o
 .debug_macro   0x0000000000000df6       0x22 Core/Src/DRV83.o
 .debug_macro   0x0000000000000e18       0x8e Core/Src/DRV83.o
 .debug_macro   0x0000000000000ea6       0x51 Core/Src/DRV83.o
 .debug_macro   0x0000000000000ef7       0xef Core/Src/DRV83.o
 .debug_macro   0x0000000000000fe6       0x6a Core/Src/DRV83.o
 .debug_macro   0x0000000000001050      0x1df Core/Src/DRV83.o
 .debug_macro   0x000000000000122f       0x1c Core/Src/DRV83.o
 .debug_macro   0x000000000000124b       0x22 Core/Src/DRV83.o
 .debug_macro   0x000000000000126d       0xd7 Core/Src/DRV83.o
 .debug_macro   0x0000000000001344      0x4da Core/Src/DRV83.o
 .debug_macro   0x000000000000181e      0x11f Core/Src/DRV83.o
 .debug_macro   0x000000000000193d     0xa9cb Core/Src/DRV83.o
 .debug_macro   0x000000000000c308       0x3c Core/Src/DRV83.o
 .debug_macro   0x000000000000c344     0x34b5 Core/Src/DRV83.o
 .debug_macro   0x000000000000f7f9      0x174 Core/Src/DRV83.o
 .debug_macro   0x000000000000f96d       0x5c Core/Src/DRV83.o
 .debug_macro   0x000000000000f9c9      0x53b Core/Src/DRV83.o
 .debug_macro   0x000000000000ff04      0xeeb Core/Src/DRV83.o
 .debug_macro   0x0000000000010def      0x1d8 Core/Src/DRV83.o
 .debug_macro   0x0000000000010fc7      0x153 Core/Src/DRV83.o
 .debug_macro   0x000000000001111a      0x122 Core/Src/DRV83.o
 .debug_macro   0x000000000001123c      0x390 Core/Src/DRV83.o
 .debug_macro   0x00000000000115cc      0x202 Core/Src/DRV83.o
 .debug_macro   0x00000000000117ce      0x2ff Core/Src/DRV83.o
 .debug_macro   0x0000000000011acd      0x1b2 Core/Src/DRV83.o
 .debug_macro   0x0000000000011c7f       0x43 Core/Src/DRV83.o
 .debug_macro   0x0000000000011cc2      0x1f1 Core/Src/DRV83.o
 .debug_macro   0x0000000000011eb3      0x1d7 Core/Src/DRV83.o
 .debug_macro   0x000000000001208a      0x38a Core/Src/DRV83.o
 .debug_macro   0x0000000000012414       0x28 Core/Src/DRV83.o
 .debug_macro   0x000000000001243c       0xe4 Core/Src/DRV83.o
 .debug_macro   0x0000000000012520      0x10c Core/Src/DRV83.o
 .debug_macro   0x000000000001262c      0x240 Core/Src/DRV83.o
 .debug_macro   0x000000000001286c      0x2fe Core/Src/DRV83.o
 .debug_macro   0x0000000000012b6a      0xa9f Core/Src/DRV83.o
 .debug_macro   0x0000000000013609      0x135 Core/Src/DRV83.o
 .debug_macro   0x000000000001373e      0x67e Core/Src/DRV83.o
 .debug_macro   0x0000000000013dbc       0xa6 Core/Src/DRV83.o
 .debug_macro   0x0000000000013e62      0x49d Core/Src/DRV83.o
 .debug_macro   0x00000000000142ff       0x58 Core/Src/DRV83.o
 .debug_macro   0x0000000000014357       0x22 Core/Src/DRV83.o
 .debug_macro   0x0000000000014379       0x10 Core/Src/DRV83.o
 .debug_macro   0x0000000000014389      0x29b Core/Src/app_freertos.o
 .debug_macro   0x0000000000014624      0x13f Core/Src/app_freertos.o
 .debug_macro   0x0000000000014763      0x15a Core/Src/app_freertos.o
 .debug_macro   0x00000000000148bd       0xb2 Core/Src/app_freertos.o
 .debug_macro   0x000000000001496f       0x1c Core/Src/app_freertos.o
 .debug_macro   0x000000000001498b       0x26 Core/Src/app_freertos.o
 .debug_macro   0x00000000000149b1      0x4cc Core/Src/app_freertos.o
 .debug_macro   0x0000000000014e7d       0xb5 Core/Src/app_freertos.o
 .debug_macro   0x0000000000014f32       0xaa Core/Src/app_freertos.o
 .debug_macro   0x0000000000014fdc       0x6c Core/Src/app_freertos.o
 .debug_macro   0x0000000000015048       0x74 Core/Src/app_freertos.o
 .debug_macro   0x00000000000150bc       0xdd Core/Src/app_freertos.o
 .debug_macro   0x0000000000015199      0x20d Core/Src/gpio.o
 .debug_macro   0x00000000000153a6      0x2b5 Core/Src/main.o
 .debug_macro   0x000000000001565b       0x66 Core/Src/main.o
 .debug_macro   0x00000000000156c1      0x20d Core/Src/spi.o
 .debug_macro   0x00000000000158ce      0x203 Core/Src/stm32g0xx_hal_msp.o
 .debug_macro   0x0000000000015ad1      0x1f4 Core/Src/stm32g0xx_hal_timebase_tim.o
 .debug_macro   0x0000000000015cc5      0x20d Core/Src/stm32g0xx_it.o
 .debug_macro   0x0000000000015ed2      0x1fa Core/Src/system_stm32g0xx.o
 .debug_macro   0x00000000000160cc      0x20d Core/Src/usart.o
 .debug_macro   0x00000000000162d9      0x11e Core/Src/utils.o
 .debug_macro   0x00000000000163f7       0x46 Core/Src/utils.o
 .debug_macro   0x000000000001643d      0x1e1 Core/Src/utils.o
 .debug_macro   0x000000000001661e      0x218 Drivers/STM32G0xx_HAL_Driver/Src/stm32g0xx_hal.o
 .debug_macro   0x0000000000016836      0x1f4 Drivers/STM32G0xx_HAL_Driver/Src/stm32g0xx_hal_cortex.o
 .debug_macro   0x0000000000016a2a      0x1f4 Drivers/STM32G0xx_HAL_Driver/Src/stm32g0xx_hal_dma.o
 .debug_macro   0x0000000000016c1e      0x22c Drivers/STM32G0xx_HAL_Driver/Src/stm32g0xx_hal_gpio.o
 .debug_macro   0x0000000000016e4a      0x21e Drivers/STM32G0xx_HAL_Driver/Src/stm32g0xx_hal_pwr_ex.o
 .debug_macro   0x0000000000017068      0x230 Drivers/STM32G0xx_HAL_Driver/Src/stm32g0xx_hal_rcc.o
 .debug_macro   0x0000000000017298      0x1fc Drivers/STM32G0xx_HAL_Driver/Src/stm32g0xx_hal_spi.o
 .debug_macro   0x0000000000017494      0x1fc Drivers/STM32G0xx_HAL_Driver/Src/stm32g0xx_hal_tim.o
 .debug_macro   0x0000000000017690      0x1fa Drivers/STM32G0xx_HAL_Driver/Src/stm32g0xx_hal_tim_ex.o
 .debug_macro   0x000000000001788a      0x21f Drivers/STM32G0xx_HAL_Driver/Src/stm32g0xx_hal_uart.o
 .debug_macro   0x0000000000017aa9      0x3de Middlewares/Third_Party/FreeRTOS/Source/CMSIS_RTOS_V2/cmsis_os2.o
 .debug_macro   0x0000000000017e87       0x10 Middlewares/Third_Party/FreeRTOS/Source/CMSIS_RTOS_V2/cmsis_os2.o
 .debug_macro   0x0000000000017e97       0x20 Middlewares/Third_Party/FreeRTOS/Source/CMSIS_RTOS_V2/cmsis_os2.o
 .debug_macro   0x0000000000017eb7       0x10 Middlewares/Third_Party/FreeRTOS/Source/CMSIS_RTOS_V2/cmsis_os2.o
 .debug_macro   0x0000000000017ec7       0xcb Middlewares/Third_Party/FreeRTOS/Source/CMSIS_RTOS_V2/cmsis_os2.o
 .debug_macro   0x0000000000017f92       0x91 Middlewares/Third_Party/FreeRTOS/Source/CMSIS_RTOS_V2/cmsis_os2.o
 .debug_macro   0x0000000000018023       0x8d Middlewares/Third_Party/FreeRTOS/Source/CMSIS_RTOS_V2/cmsis_os2.o
 .debug_macro   0x00000000000180b0       0x9a Middlewares/Third_Party/FreeRTOS/Source/CMSIS_RTOS_V2/cmsis_os2.o
 .debug_macro   0x000000000001814a       0x22 Middlewares/Third_Party/FreeRTOS/Source/CMSIS_RTOS_V2/cmsis_os2.o
 .debug_macro   0x000000000001816c       0x56 Middlewares/Third_Party/FreeRTOS/Source/CMSIS_RTOS_V2/cmsis_os2.o
 .debug_macro   0x00000000000181c2      0x17a Middlewares/Third_Party/FreeRTOS/Source/list.o
 .debug_macro   0x000000000001833c      0x209 Middlewares/Third_Party/FreeRTOS/Source/queue.o
 .debug_macro   0x0000000000018545       0x16 Middlewares/Third_Party/FreeRTOS/Source/queue.o
 .debug_macro   0x000000000001855b       0x87 Middlewares/Third_Party/FreeRTOS/Source/queue.o
 .debug_macro   0x00000000000185e2      0x272 Middlewares/Third_Party/FreeRTOS/Source/tasks.o
 .debug_macro   0x0000000000018854       0x10 Middlewares/Third_Party/FreeRTOS/Source/tasks.o
 .debug_macro   0x0000000000018864      0x1cf Middlewares/Third_Party/FreeRTOS/Source/timers.o
 .debug_macro   0x0000000000018a33       0x97 Middlewares/Third_Party/FreeRTOS/Source/timers.o
 .debug_macro   0x0000000000018aca      0x136 Middlewares/Third_Party/FreeRTOS/Source/portable/GCC/ARM_CM0/port.o
 .debug_macro   0x0000000000018c00      0x1a1 Middlewares/Third_Party/FreeRTOS/Source/portable/MemMang/heap_4.o

.debug_line     0x0000000000000000    0x145ac
 .debug_line    0x0000000000000000      0x790 Core/Src/DRV83.o
 .debug_line    0x0000000000000790      0x8b5 Core/Src/app_freertos.o
 .debug_line    0x0000000000001045      0x744 Core/Src/gpio.o
 .debug_line    0x0000000000001789      0x900 Core/Src/main.o
 .debug_line    0x0000000000002089      0x76e Core/Src/spi.o
 .debug_line    0x00000000000027f7      0x736 Core/Src/stm32g0xx_hal_msp.o
 .debug_line    0x0000000000002f2d      0x769 Core/Src/stm32g0xx_hal_timebase_tim.o
 .debug_line    0x0000000000003696      0x77d Core/Src/stm32g0xx_it.o
 .debug_line    0x0000000000003e13      0x751 Core/Src/system_stm32g0xx.o
 .debug_line    0x0000000000004564      0x76c Core/Src/usart.o
 .debug_line    0x0000000000004cd0      0x6fe Core/Src/utils.o
 .debug_line    0x00000000000053ce       0x89 Core/Startup/startup_stm32g031k8tx.o
 .debug_line    0x0000000000005457      0x9c0 Drivers/STM32G0xx_HAL_Driver/Src/stm32g0xx_hal.o
 .debug_line    0x0000000000005e17      0x97a Drivers/STM32G0xx_HAL_Driver/Src/stm32g0xx_hal_cortex.o
 .debug_line    0x0000000000006791      0x99d Drivers/STM32G0xx_HAL_Driver/Src/stm32g0xx_hal_dma.o
 .debug_line    0x000000000000712e      0x8c2 Drivers/STM32G0xx_HAL_Driver/Src/stm32g0xx_hal_gpio.o
 .debug_line    0x00000000000079f0      0x989 Drivers/STM32G0xx_HAL_Driver/Src/stm32g0xx_hal_pwr_ex.o
 .debug_line    0x0000000000008379      0xa2c Drivers/STM32G0xx_HAL_Driver/Src/stm32g0xx_hal_rcc.o
 .debug_line    0x0000000000008da5     0x11b1 Drivers/STM32G0xx_HAL_Driver/Src/stm32g0xx_hal_spi.o
 .debug_line    0x0000000000009f56     0x2649 Drivers/STM32G0xx_HAL_Driver/Src/stm32g0xx_hal_tim.o
 .debug_line    0x000000000000c59f     0x1564 Drivers/STM32G0xx_HAL_Driver/Src/stm32g0xx_hal_tim_ex.o
 .debug_line    0x000000000000db03     0x145c Drivers/STM32G0xx_HAL_Driver/Src/stm32g0xx_hal_uart.o
 .debug_line    0x000000000000ef5f     0x1864 Middlewares/Third_Party/FreeRTOS/Source/CMSIS_RTOS_V2/cmsis_os2.o
 .debug_line    0x00000000000107c3      0x66b Middlewares/Third_Party/FreeRTOS/Source/list.o
 .debug_line    0x0000000000010e2e      0xea8 Middlewares/Third_Party/FreeRTOS/Source/queue.o
 .debug_line    0x0000000000011cd6     0x120f Middlewares/Third_Party/FreeRTOS/Source/tasks.o
 .debug_line    0x0000000000012ee5      0x9b5 Middlewares/Third_Party/FreeRTOS/Source/timers.o
 .debug_line    0x000000000001389a      0x5c3 Middlewares/Third_Party/FreeRTOS/Source/portable/GCC/ARM_CM0/port.o
 .debug_line    0x0000000000013e5d      0x74f Middlewares/Third_Party/FreeRTOS/Source/portable/MemMang/heap_4.o

.debug_str      0x0000000000000000    0x9d955
 .debug_str     0x0000000000000000    0x8b9bb Core/Src/DRV83.o
                                      0x8bf35 (size before relaxing)
 .debug_str     0x000000000008b9bb     0x4d09 Core/Src/app_freertos.o
                                      0x90617 (size before relaxing)
 .debug_str     0x00000000000906c4      0x13d Core/Src/gpio.o
                                      0x8ba32 (size before relaxing)
 .debug_str     0x0000000000090801      0x5eb Core/Src/main.o
                                      0x90b6e (size before relaxing)
 .debug_str     0x0000000000090dec      0x1f1 Core/Src/spi.o
                                      0x8c091 (size before relaxing)
 .debug_str     0x0000000000090fdd       0x2c Core/Src/stm32g0xx_hal_msp.o
                                      0x8bb59 (size before relaxing)
 .debug_str     0x0000000000091009       0xab Core/Src/stm32g0xx_hal_timebase_tim.o
                                      0x8c0a1 (size before relaxing)
 .debug_str     0x00000000000910b4       0x6c Core/Src/stm32g0xx_it.o
                                      0x8c0d1 (size before relaxing)
 .debug_str     0x0000000000091120       0x9c Core/Src/system_stm32g0xx.o
                                      0x8b8c6 (size before relaxing)
 .debug_str     0x00000000000911bc       0x57 Core/Src/usart.o
                                      0x8bf3c (size before relaxing)
 .debug_str     0x0000000000091213     0x3971 Core/Src/utils.o
                                       0x79f5 (size before relaxing)
 .debug_str     0x0000000000094b84       0x36 Core/Startup/startup_stm32g031k8tx.o
                                         0x74 (size before relaxing)
 .debug_str     0x0000000000094bba      0x4bb Drivers/STM32G0xx_HAL_Driver/Src/stm32g0xx_hal.o
                                      0x8bfc8 (size before relaxing)
 .debug_str     0x0000000000095075      0x292 Drivers/STM32G0xx_HAL_Driver/Src/stm32g0xx_hal_cortex.o
                                      0x8bd07 (size before relaxing)
 .debug_str     0x0000000000095307      0x2ba Drivers/STM32G0xx_HAL_Driver/Src/stm32g0xx_hal_dma.o
                                      0x8bd0f (size before relaxing)
 .debug_str     0x00000000000955c1      0x236 Drivers/STM32G0xx_HAL_Driver/Src/stm32g0xx_hal_gpio.o
                                      0x8ba94 (size before relaxing)
 .debug_str     0x00000000000957f7      0x3ab Drivers/STM32G0xx_HAL_Driver/Src/stm32g0xx_hal_pwr_ex.o
                                      0x8bd21 (size before relaxing)
 .debug_str     0x0000000000095ba2      0x356 Drivers/STM32G0xx_HAL_Driver/Src/stm32g0xx_hal_rcc.o
                                      0x8be4c (size before relaxing)
 .debug_str     0x0000000000095ef8      0x566 Drivers/STM32G0xx_HAL_Driver/Src/stm32g0xx_hal_spi.o
                                      0x8c1f6 (size before relaxing)
 .debug_str     0x000000000009645e      0xe70 Drivers/STM32G0xx_HAL_Driver/Src/stm32g0xx_hal_tim.o
                                      0x8ccf6 (size before relaxing)
 .debug_str     0x00000000000972ce      0x6f5 Drivers/STM32G0xx_HAL_Driver/Src/stm32g0xx_hal_tim_ex.o
                                      0x8c666 (size before relaxing)
 .debug_str     0x00000000000979c3      0x936 Drivers/STM32G0xx_HAL_Driver/Src/stm32g0xx_hal_uart.o
                                      0x8c6f5 (size before relaxing)
 .debug_str     0x00000000000982f9     0x2aad Middlewares/Third_Party/FreeRTOS/Source/CMSIS_RTOS_V2/cmsis_os2.o
                                      0x957f8 (size before relaxing)
 .debug_str     0x000000000009ada6      0x219 Middlewares/Third_Party/FreeRTOS/Source/list.o
                                       0xa58d (size before relaxing)
 .debug_str     0x000000000009afbf      0x936 Middlewares/Third_Party/FreeRTOS/Source/queue.o
                                       0xbea3 (size before relaxing)
 .debug_str     0x000000000009b8f5     0x12ae Middlewares/Third_Party/FreeRTOS/Source/tasks.o
                                       0xca05 (size before relaxing)
 .debug_str     0x000000000009cba3      0x620 Middlewares/Third_Party/FreeRTOS/Source/timers.o
                                       0xc468 (size before relaxing)
 .debug_str     0x000000000009d1c3      0x457 Middlewares/Third_Party/FreeRTOS/Source/portable/GCC/ARM_CM0/port.o
                                       0x7f4a (size before relaxing)
 .debug_str     0x000000000009d61a      0x33b Middlewares/Third_Party/FreeRTOS/Source/portable/MemMang/heap_4.o
                                       0xae61 (size before relaxing)

.comment        0x0000000000000000       0x7b
 .comment       0x0000000000000000       0x7b Core/Src/DRV83.o
                                         0x7c (size before relaxing)
 .comment       0x000000000000007b       0x7c Core/Src/app_freertos.o
 .comment       0x000000000000007b       0x7c Core/Src/gpio.o
 .comment       0x000000000000007b       0x7c Core/Src/main.o
 .comment       0x000000000000007b       0x7c Core/Src/spi.o
 .comment       0x000000000000007b       0x7c Core/Src/stm32g0xx_hal_msp.o
 .comment       0x000000000000007b       0x7c Core/Src/stm32g0xx_hal_timebase_tim.o
 .comment       0x000000000000007b       0x7c Core/Src/stm32g0xx_it.o
 .comment       0x000000000000007b       0x7c Core/Src/system_stm32g0xx.o
 .comment       0x000000000000007b       0x7c Core/Src/usart.o
 .comment       0x000000000000007b       0x7c Core/Src/utils.o
 .comment       0x000000000000007b       0x7c Drivers/STM32G0xx_HAL_Driver/Src/stm32g0xx_hal.o
 .comment       0x000000000000007b       0x7c Drivers/STM32G0xx_HAL_Driver/Src/stm32g0xx_hal_cortex.o
 .comment       0x000000000000007b       0x7c Drivers/STM32G0xx_HAL_Driver/Src/stm32g0xx_hal_dma.o
 .comment       0x000000000000007b       0x7c Drivers/STM32G0xx_HAL_Driver/Src/stm32g0xx_hal_gpio.o
 .comment       0x000000000000007b       0x7c Drivers/STM32G0xx_HAL_Driver/Src/stm32g0xx_hal_pwr_ex.o
 .comment       0x000000000000007b       0x7c Drivers/STM32G0xx_HAL_Driver/Src/stm32g0xx_hal_rcc.o
 .comment       0x000000000000007b       0x7c Drivers/STM32G0xx_HAL_Driver/Src/stm32g0xx_hal_spi.o
 .comment       0x000000000000007b       0x7c Drivers/STM32G0xx_HAL_Driver/Src/stm32g0xx_hal_tim.o
 .comment       0x000000000000007b       0x7c Drivers/STM32G0xx_HAL_Driver/Src/stm32g0xx_hal_tim_ex.o
 .comment       0x000000000000007b       0x7c Drivers/STM32G0xx_HAL_Driver/Src/stm32g0xx_hal_uart.o
 .comment       0x000000000000007b       0x7c Middlewares/Third_Party/FreeRTOS/Source/CMSIS_RTOS_V2/cmsis_os2.o
 .comment       0x000000000000007b       0x7c Middlewares/Third_Party/FreeRTOS/Source/list.o
 .comment       0x000000000000007b       0x7c Middlewares/Third_Party/FreeRTOS/Source/queue.o
 .comment       0x000000000000007b       0x7c Middlewares/Third_Party/FreeRTOS/Source/tasks.o
 .comment       0x000000000000007b       0x7c Middlewares/Third_Party/FreeRTOS/Source/timers.o
 .comment       0x000000000000007b       0x7c Middlewares/Third_Party/FreeRTOS/Source/portable/GCC/ARM_CM0/port.o
 .comment       0x000000000000007b       0x7c Middlewares/Third_Party/FreeRTOS/Source/portable/MemMang/heap_4.o

.debug_frame    0x0000000000000000     0x59b0
 .debug_frame   0x0000000000000000       0x70 Core/Src/DRV83.o
 .debug_frame   0x0000000000000070       0x4c Core/Src/app_freertos.o
 .debug_frame   0x00000000000000bc       0x30 Core/Src/gpio.o
 .debug_frame   0x00000000000000ec       0x88 Core/Src/main.o
 .debug_frame   0x0000000000000174       0x6c Core/Src/spi.o
 .debug_frame   0x00000000000001e0       0x30 Core/Src/stm32g0xx_hal_msp.o
 .debug_frame   0x0000000000000210       0x68 Core/Src/stm32g0xx_hal_timebase_tim.o
 .debug_frame   0x0000000000000278       0x80 Core/Src/stm32g0xx_it.o
 .debug_frame   0x00000000000002f8       0x4c Core/Src/system_stm32g0xx.o
 .debug_frame   0x0000000000000344       0x6c Core/Src/usart.o
 .debug_frame   0x00000000000003b0      0x318 Core/Src/utils.o
 .debug_frame   0x00000000000006c8      0x3fc Drivers/STM32G0xx_HAL_Driver/Src/stm32g0xx_hal.o
 .debug_frame   0x0000000000000ac4      0x2fc Drivers/STM32G0xx_HAL_Driver/Src/stm32g0xx_hal_cortex.o
 .debug_frame   0x0000000000000dc0      0x1f0 Drivers/STM32G0xx_HAL_Driver/Src/stm32g0xx_hal_dma.o
 .debug_frame   0x0000000000000fb0      0x130 Drivers/STM32G0xx_HAL_Driver/Src/stm32g0xx_hal_gpio.o
 .debug_frame   0x00000000000010e0      0x32c Drivers/STM32G0xx_HAL_Driver/Src/stm32g0xx_hal_pwr_ex.o
 .debug_frame   0x000000000000140c      0x1f4 Drivers/STM32G0xx_HAL_Driver/Src/stm32g0xx_hal_rcc.o
 .debug_frame   0x0000000000001600      0x710 Drivers/STM32G0xx_HAL_Driver/Src/stm32g0xx_hal_spi.o
 .debug_frame   0x0000000000001d10      0xf30 Drivers/STM32G0xx_HAL_Driver/Src/stm32g0xx_hal_tim.o
 .debug_frame   0x0000000000002c40      0x610 Drivers/STM32G0xx_HAL_Driver/Src/stm32g0xx_hal_tim_ex.o
 .debug_frame   0x0000000000003250      0x8d4 Drivers/STM32G0xx_HAL_Driver/Src/stm32g0xx_hal_uart.o
 .debug_frame   0x0000000000003b24      0xa5c Middlewares/Third_Party/FreeRTOS/Source/CMSIS_RTOS_V2/cmsis_os2.o
 .debug_frame   0x0000000000004580       0xb0 Middlewares/Third_Party/FreeRTOS/Source/list.o
 .debug_frame   0x0000000000004630      0x510 Middlewares/Third_Party/FreeRTOS/Source/queue.o
 .debug_frame   0x0000000000004b40      0x7bc Middlewares/Third_Party/FreeRTOS/Source/tasks.o
 .debug_frame   0x00000000000052fc      0x36c Middlewares/Third_Party/FreeRTOS/Source/timers.o
 .debug_frame   0x0000000000005668      0x174 Middlewares/Third_Party/FreeRTOS/Source/portable/GCC/ARM_CM0/port.o
 .debug_frame   0x00000000000057dc      0x104 Middlewares/Third_Party/FreeRTOS/Source/portable/MemMang/heap_4.o
 .debug_frame   0x00000000000058e0       0x2c c:/st/stm32cubeide_1.3.0/stm32cubeide/plugins/com.st.stm32cube.ide.mcu.externaltools.gnu-tools-for-stm32.7-2018-q2-update.win32_1.5.0.202011040924/tools/bin/../lib/gcc/arm-none-eabi/7.3.1/../../../../arm-none-eabi/lib/thumb/v6-m\libc_nano.a(lib_a-init.o)
 .debug_frame   0x000000000000590c       0x28 c:/st/stm32cubeide_1.3.0/stm32cubeide/plugins/com.st.stm32cube.ide.mcu.externaltools.gnu-tools-for-stm32.7-2018-q2-update.win32_1.5.0.202011040924/tools/bin/../lib/gcc/arm-none-eabi/7.3.1/../../../../arm-none-eabi/lib/thumb/v6-m\libc_nano.a(lib_a-memcpy-stub.o)
 .debug_frame   0x0000000000005934       0x20 c:/st/stm32cubeide_1.3.0/stm32cubeide/plugins/com.st.stm32cube.ide.mcu.externaltools.gnu-tools-for-stm32.7-2018-q2-update.win32_1.5.0.202011040924/tools/bin/../lib/gcc/arm-none-eabi/7.3.1/../../../../arm-none-eabi/lib/thumb/v6-m\libc_nano.a(lib_a-memset.o)
 .debug_frame   0x0000000000005954       0x20 c:/st/stm32cubeide_1.3.0/stm32cubeide/plugins/com.st.stm32cube.ide.mcu.externaltools.gnu-tools-for-stm32.7-2018-q2-update.win32_1.5.0.202011040924/tools/bin/../lib/gcc/arm-none-eabi/7.3.1/thumb/v6-m\libgcc.a(_udivsi3.o)
 .debug_frame   0x0000000000005974       0x3c c:/st/stm32cubeide_1.3.0/stm32cubeide/plugins/com.st.stm32cube.ide.mcu.externaltools.gnu-tools-for-stm32.7-2018-q2-update.win32_1.5.0.202011040924/tools/bin/../lib/gcc/arm-none-eabi/7.3.1/thumb/v6-m\libgcc.a(_udivmoddi4.o)